Archive member included because of file (symbol)

/home/prana/CodeSourcery/ARM_EABI/bin/../lib/gcc/arm-none-eabi/4.6.3/../../../../arm-none-eabi/lib/thumb2/libc.a(lib_a-asctime.o)
                              build/obj/main.o (asctime)
/home/prana/CodeSourcery/ARM_EABI/bin/../lib/gcc/arm-none-eabi/4.6.3/../../../../arm-none-eabi/lib/thumb2/libc.a(lib_a-asctime_r.o)
                              /home/prana/CodeSourcery/ARM_EABI/bin/../lib/gcc/arm-none-eabi/4.6.3/../../../../arm-none-eabi/lib/thumb2/libc.a(lib_a-asctime.o) (asctime_r)
/home/prana/CodeSourcery/ARM_EABI/bin/../lib/gcc/arm-none-eabi/4.6.3/../../../../arm-none-eabi/lib/thumb2/libc.a(lib_a-atol.o)
                              build/obj/main.o (atol)
/home/prana/CodeSourcery/ARM_EABI/bin/../lib/gcc/arm-none-eabi/4.6.3/../../../../arm-none-eabi/lib/thumb2/libc.a(lib_a-impure.o)
                              /home/prana/CodeSourcery/ARM_EABI/bin/../lib/gcc/arm-none-eabi/4.6.3/../../../../arm-none-eabi/lib/thumb2/libc.a(lib_a-asctime.o) (_impure_ptr)
/home/prana/CodeSourcery/ARM_EABI/bin/../lib/gcc/arm-none-eabi/4.6.3/../../../../arm-none-eabi/lib/thumb2/libc.a(lib_a-lcltime_r.o)
                              build/obj/chrtclib.o (localtime_r)
/home/prana/CodeSourcery/ARM_EABI/bin/../lib/gcc/arm-none-eabi/4.6.3/../../../../arm-none-eabi/lib/thumb2/libc.a(lib_a-malloc.o)
                              /home/prana/CodeSourcery/ARM_EABI/bin/../lib/gcc/arm-none-eabi/4.6.3/../../../../arm-none-eabi/lib/thumb2/libc.a(lib_a-asctime.o) (malloc)
/home/prana/CodeSourcery/ARM_EABI/bin/../lib/gcc/arm-none-eabi/4.6.3/../../../../arm-none-eabi/lib/thumb2/libc.a(lib_a-mallocr.o)
                              /home/prana/CodeSourcery/ARM_EABI/bin/../lib/gcc/arm-none-eabi/4.6.3/../../../../arm-none-eabi/lib/thumb2/libc.a(lib_a-malloc.o) (_malloc_r)
/home/prana/CodeSourcery/ARM_EABI/bin/../lib/gcc/arm-none-eabi/4.6.3/../../../../arm-none-eabi/lib/thumb2/libc.a(lib_a-memset.o)
                              build/obj/syscalls.o (memset)
/home/prana/CodeSourcery/ARM_EABI/bin/../lib/gcc/arm-none-eabi/4.6.3/../../../../arm-none-eabi/lib/thumb2/libc.a(lib_a-mktime.o)
                              build/obj/chrtclib.o (mktime)
/home/prana/CodeSourcery/ARM_EABI/bin/../lib/gcc/arm-none-eabi/4.6.3/../../../../arm-none-eabi/lib/thumb2/libc.a(lib_a-mktm_r.o)
                              /home/prana/CodeSourcery/ARM_EABI/bin/../lib/gcc/arm-none-eabi/4.6.3/../../../../arm-none-eabi/lib/thumb2/libc.a(lib_a-mktime.o) (__tzcalc_limits)
/home/prana/CodeSourcery/ARM_EABI/bin/../lib/gcc/arm-none-eabi/4.6.3/../../../../arm-none-eabi/lib/thumb2/libc.a(lib_a-mlock.o)
                              /home/prana/CodeSourcery/ARM_EABI/bin/../lib/gcc/arm-none-eabi/4.6.3/../../../../arm-none-eabi/lib/thumb2/libc.a(lib_a-mallocr.o) (__malloc_lock)
/home/prana/CodeSourcery/ARM_EABI/bin/../lib/gcc/arm-none-eabi/4.6.3/../../../../arm-none-eabi/lib/thumb2/libc.a(lib_a-reent.o)
                              build/obj/main.o (errno)
/home/prana/CodeSourcery/ARM_EABI/bin/../lib/gcc/arm-none-eabi/4.6.3/../../../../arm-none-eabi/lib/thumb2/libc.a(lib_a-sprintf.o)
                              /home/prana/CodeSourcery/ARM_EABI/bin/../lib/gcc/arm-none-eabi/4.6.3/../../../../arm-none-eabi/lib/thumb2/libc.a(lib_a-asctime_r.o) (sprintf)
/home/prana/CodeSourcery/ARM_EABI/bin/../lib/gcc/arm-none-eabi/4.6.3/../../../../arm-none-eabi/lib/thumb2/libc.a(lib_a-strcasecmp.o)
                              build/obj/shell.o (strcasecmp)
/home/prana/CodeSourcery/ARM_EABI/bin/../lib/gcc/arm-none-eabi/4.6.3/../../../../arm-none-eabi/lib/thumb2/libc.a(lib_a-strchr.o)
                              build/obj/shell.o (strchr)
/home/prana/CodeSourcery/ARM_EABI/bin/../lib/gcc/arm-none-eabi/4.6.3/../../../../arm-none-eabi/lib/thumb2/libc.a(lib_a-strcmp.o)
                              build/obj/main.o (strcmp)
/home/prana/CodeSourcery/ARM_EABI/bin/../lib/gcc/arm-none-eabi/4.6.3/../../../../arm-none-eabi/lib/thumb2/libc.a(lib_a-strspn.o)
                              build/obj/shell.o (strspn)
/home/prana/CodeSourcery/ARM_EABI/bin/../lib/gcc/arm-none-eabi/4.6.3/../../../../arm-none-eabi/lib/thumb2/libc.a(lib_a-strtol.o)
                              /home/prana/CodeSourcery/ARM_EABI/bin/../lib/gcc/arm-none-eabi/4.6.3/../../../../arm-none-eabi/lib/thumb2/libc.a(lib_a-atol.o) (_strtol_r)
/home/prana/CodeSourcery/ARM_EABI/bin/../lib/gcc/arm-none-eabi/4.6.3/../../../../arm-none-eabi/lib/thumb2/libc.a(lib_a-svfprintf.o)
                              /home/prana/CodeSourcery/ARM_EABI/bin/../lib/gcc/arm-none-eabi/4.6.3/../../../../arm-none-eabi/lib/thumb2/libc.a(lib_a-sprintf.o) (_svfprintf_r)
/home/prana/CodeSourcery/ARM_EABI/bin/../lib/gcc/arm-none-eabi/4.6.3/../../../../arm-none-eabi/lib/thumb2/libc.a(lib_a-tzlock.o)
                              /home/prana/CodeSourcery/ARM_EABI/bin/../lib/gcc/arm-none-eabi/4.6.3/../../../../arm-none-eabi/lib/thumb2/libc.a(lib_a-mktm_r.o) (__tz_lock)
[...]
Memory Configuration

Name             Origin             Length             Attributes
flash            0x08000000         0x00100000
ram              0x20000000         0x0001c000
ethram           0x2001c000         0x00004000
ccmram           0x10000000         0x00010000
*default*        0x00000000         0xffffffff

Linker script and memory map

LOAD build/obj/crt0.o
LOAD build/obj/vectors.o
LOAD build/obj/chcore.o
LOAD build/obj/chcore_v7m.o
LOAD build/obj/nvic.o
LOAD build/obj/chsys.o
LOAD build/obj/chdebug.o
LOAD build/obj/chlists.o
LOAD build/obj/chvt.o
LOAD build/obj/chschd.o
LOAD build/obj/chthreads.o
LOAD build/obj/chdynamic.o
LOAD build/obj/chregistry.o
LOAD build/obj/chsem.o
LOAD build/obj/chmtx.o
LOAD build/obj/chcond.o
LOAD build/obj/chevents.o
LOAD build/obj/chmsg.o
LOAD build/obj/chmboxes.o
LOAD build/obj/chqueues.o
LOAD build/obj/chmemcore.o
LOAD build/obj/chheap.o
LOAD build/obj/chmempools.o
LOAD build/obj/test.o
LOAD build/obj/testthd.o
LOAD build/obj/testsem.o
LOAD build/obj/testmtx.o
LOAD build/obj/testmsg.o
LOAD build/obj/testmbox.o
LOAD build/obj/testevt.o
LOAD build/obj/testheap.o
LOAD build/obj/testpools.o
LOAD build/obj/testdyn.o
LOAD build/obj/testqueues.o
LOAD build/obj/testbmk.o
LOAD build/obj/hal.o
LOAD build/obj/adc.o
LOAD build/obj/can.o
LOAD build/obj/ext.o
LOAD build/obj/gpt.o
LOAD build/obj/i2c.o
LOAD build/obj/icu.o
LOAD build/obj/mac.o
LOAD build/obj/mmc_spi.o
LOAD build/obj/mmcsd.o
LOAD build/obj/pal.o
LOAD build/obj/pwm.o
LOAD build/obj/rtc.o
LOAD build/obj/sdc.o
LOAD build/obj/serial.o
LOAD build/obj/serial_usb.o
LOAD build/obj/spi.o
LOAD build/obj/tm.o
LOAD build/obj/uart.o
LOAD build/obj/usb.o
LOAD build/obj/stm32_dma.o
LOAD build/obj/hal_lld.o
LOAD build/obj/adc_lld.o
LOAD build/obj/ext_lld_isr.o
LOAD build/obj/can_lld.o
LOAD build/obj/ext_lld.o
LOAD build/obj/gpt_lld.o
LOAD build/obj/icu_lld.o
LOAD build/obj/mac_lld.o
LOAD build/obj/pwm_lld.o
LOAD build/obj/sdc_lld.o
LOAD build/obj/spi_lld.o
LOAD build/obj/pal_lld.o
LOAD build/obj/i2c_lld.o
LOAD build/obj/usb_lld.o
LOAD build/obj/rtc_lld.o
LOAD build/obj/serial_lld.o
LOAD build/obj/uart_lld.o
LOAD build/obj/board.o
LOAD build/obj/evtimer.o
LOAD build/obj/syscalls.o
LOAD build/obj/shell.o
LOAD build/obj/chprintf.o
LOAD build/obj/chrtclib.o
LOAD build/obj/main.o
START GROUP
LOAD /home/prana/CodeSourcery/ARM_EABI/bin/../lib/gcc/arm-none-eabi/4.6.3/thumb2/libgcc.a
LOAD /home/prana/CodeSourcery/ARM_EABI/bin/../lib/gcc/arm-none-eabi/4.6.3/../../../../arm-none-eabi/lib/thumb2/libc.a
END GROUP
                0x00000400                __main_stack_size__ = 0x400
                0x00000400                __process_stack_size__ = 0x400
                0x20000000                __ram_start__ = ORIGIN (ram)
                0x0001c000                __ram_size__ = 0x1c000
                0x2001c000                __ram_end__ = (__ram_start__ + __ram_size__)
                0x00000000                . = 0x0
                0x00000000                _text = .

startup         0x08000000      0x188
 *(vectors)
 vectors        0x08000000      0x188 build/obj/vectors.o
                0x08000000                _vectors

constructors    0x08000188        0x0
                0x08000188                PROVIDE (__init_array_start, .)
 *(SORT(.init_array.*))
 *(.init_array)
                0x08000188                PROVIDE (__init_array_end, .)

destructors     0x08000188        0x0
                0x08000188                PROVIDE (__fini_array_start, .)
 *(.fini_array)
 *(SORT(.fini_array.*))
                0x08000188                PROVIDE (__fini_array_end, .)

.text           0x08000190     0xad6c
 *(.text.startup.*)
 .text.startup.main
                0x08000190       0x80 build/obj/main.o
                0x08000190                main
 *(.text)
 .text          0x08000210       0x3c /home/prana/CodeSourcery/ARM_EABI/bin/../lib/gcc/arm-none-eabi/4.6.3/../../../../arm-none-eabi/lib/thumb2/libc.a(lib_a-asctime.o)
                0x08000210                asctime
 *fill*         0x0800024c        0x4 00
 .text          0x08000250       0x60 /home/prana/CodeSourcery/ARM_EABI/bin/../lib/gcc/arm-none-eabi/4.6.3/../../../../arm-none-eabi/lib/thumb2/libc.a(lib_a-asctime_r.o)
                0x08000250                asctime_r
 .text          0x080002b0       0x10 /home/prana/CodeSourcery/ARM_EABI/bin/../lib/gcc/arm-none-eabi/4.6.3/../../../../arm-none-eabi/lib/thumb2/libc.a(lib_a-atol.o)
                0x080002b0                atol
                0x080002b8                _atol_r
 .text          0x080002c0        0x8 /home/prana/CodeSourcery/ARM_EABI/bin/../lib/gcc/arm-none-eabi/4.6.3/../../../../arm-none-eabi/lib/thumb2/libc.a(lib_a-lcltime_r.o)
                0x080002c0                localtime_r
 *fill*         0x080002c8        0x8 00
 .text          0x080002d0       0x20 /home/prana/CodeSourcery/ARM_EABI/bin/../lib/gcc/arm-none-eabi/4.6.3/../../../../arm-none-eabi/lib/thumb2/libc.a(lib_a-malloc.o)
                0x080002d0                malloc
                0x080002e0                free
 .text          0x080002f0      0x580 /home/prana/CodeSourcery/ARM_EABI/bin/../lib/gcc/arm-none-eabi/4.6.3/../../../../arm-none-eabi/lib/thumb2/libc.a(lib_a-mallocr.o)
                0x080002f0                _malloc_r
 .text          0x08000870       0x8c /home/prana/CodeSourcery/ARM_EABI/bin/../lib/gcc/arm-none-eabi/4.6.3/../../../../arm-none-eabi/lib/thumb2/libc.a(lib_a-memset.o)
                0x08000870                memset
 *fill*         0x080008fc        0x4 00
 .text          0x08000900      0x4e0 /home/prana/CodeSourcery/ARM_EABI/bin/../lib/gcc/arm-none-eabi/4.6.3/../../../../arm-none-eabi/lib/thumb2/libc.a(lib_a-mktime.o)
                0x08000b28                mktime
 .text          0x08000de0      0x520 /home/prana/CodeSourcery/ARM_EABI/bin/../lib/gcc/arm-none-eabi/4.6.3/../../../../arm-none-eabi/lib/thumb2/libc.a(lib_a-mktm_r.o)
                0x08000de0                __tzcalc_limits
                0x08000f68                _mktm_r
 .text          0x08001300        0x8 /home/prana/CodeSourcery/ARM_EABI/bin/../lib/gcc/arm-none-eabi/4.6.3/../../../../arm-none-eabi/lib/thumb2/libc.a(lib_a-mlock.o)
                0x08001300                __malloc_lock
                0x08001304                __malloc_unlock
 *fill*         0x08001308        0x8 00
 .text          0x08001310       0x94 /home/prana/CodeSourcery/ARM_EABI/bin/../lib/gcc/arm-none-eabi/4.6.3/../../../../arm-none-eabi/lib/thumb2/libc.a(lib_a-sprintf.o)
                0x08001310                _sprintf_r
                0x08001354                sprintf
 *fill*         0x080013a4        0xc 00
 .text          0x080013b0       0x48 /home/prana/CodeSourcery/ARM_EABI/bin/../lib/gcc/arm-none-eabi/4.6.3/../../../../arm-none-eabi/lib/thumb2/libc.a(lib_a-strcasecmp.o)
                0x080013b0                strcasecmp
 *fill*         0x080013f8        0x8 00
 .text          0x08001400       0xf0 /home/prana/CodeSourcery/ARM_EABI/bin/../lib/gcc/arm-none-eabi/4.6.3/../../../../arm-none-eabi/lib/thumb2/libc.a(lib_a-strchr.o)
                0x08001400                strchr
 .text          0x080014f0      0x1dc /home/prana/CodeSourcery/ARM_EABI/bin/../lib/gcc/arm-none-eabi/4.6.3/../../../../arm-none-eabi/lib/thumb2/libc.a(lib_a-strcmp.o)
                0x080014f0                strcmp
 *fill*         0x080016cc        0x4 00
 .text          0x080016d0       0x40 /home/prana/CodeSourcery/ARM_EABI/bin/../lib/gcc/arm-none-eabi/4.6.3/../../../../arm-none-eabi/lib/thumb2/libc.a(lib_a-strspn.o)
                0x080016d0                strspn
 .text          0x08001710      0x17c /home/prana/CodeSourcery/ARM_EABI/bin/../lib/gcc/arm-none-eabi/4.6.3/../../../../arm-none-eabi/lib/thumb2/libc.a(lib_a-strtol.o)
                0x08001710                _strtol_r
                0x08001870                strtol
 *fill*         0x0800188c        0x4 00
 .text          0x08001890     0x14e0 /home/prana/CodeSourcery/ARM_EABI/bin/../lib/gcc/arm-none-eabi/4.6.3/../../../../arm-none-eabi/lib/thumb2/libc.a(lib_a-svfprintf.o)
                0x08001890                _svfprintf_r
 .text          0x08002d70        0x8 /home/prana/CodeSourcery/ARM_EABI/bin/../lib/gcc/arm-none-eabi/4.6.3/../../../../arm-none-eabi/lib/thumb2/libc.a(lib_a-tzlock.o)
                0x08002d70                __tz_lock
                0x08002d74                __tz_unlock
 *fill*         0x08002d78        0x8 00
 .text          0x08002d80       0x48 /home/prana/CodeSourcery/ARM_EABI/bin/../lib/gcc/arm-none-eabi/4.6.3/../../../../arm-none-eabi/lib/thumb2/libc.a(lib_a-div.o)
                0x08002d80                div
 *fill*         0x08002dc8        0x8 00
 .text          0x08002dd0     0x1030 /home/prana/CodeSourcery/ARM_EABI/bin/../lib/gcc/arm-none-eabi/4.6.3/../../../../arm-none-eabi/lib/thumb2/libc.a(lib_a-dtoa.o)
                0x08002f18                _dtoa_r
 .text          0x08003e00      0x234 /home/prana/CodeSourcery/ARM_EABI/bin/../lib/gcc/arm-none-eabi/4.6.3/../../../../arm-none-eabi/lib/thumb2/libc.a(lib_a-freer.o)
                0x08003e00                _malloc_trim_r
                0x08003ea4                _free_r
 *fill*         0x08004034        0xc 00
 .text          0x08004040        0xc /home/prana/CodeSourcery/ARM_EABI/bin/../lib/gcc/arm-none-eabi/4.6.3/../../../../arm-none-eabi/lib/thumb2/libc.a(lib_a-gettzinfo.o)
                0x08004040                __gettzinfo
 *fill*         0x0800404c        0x4 00
 .text          0x08004050       0xa4 /home/prana/CodeSourcery/ARM_EABI/bin/../lib/gcc/arm-none-eabi/4.6.3/../../../../arm-none-eabi/lib/thumb2/libc.a(lib_a-locale.o)
                0x08004050                _setlocale_r
                0x080040ac                __locale_charset
                0x080040b8                __locale_mb_cur_max
                0x080040c4                __locale_msgcharset
                0x080040cc                __locale_cjk_lang
                0x080040d0                _localeconv_r
                0x080040d8                setlocale
                0x080040ec                localeconv
 *fill*         0x080040f4        0xc 00
 .text          0x08004100       0x88 /home/prana/CodeSourcery/ARM_EABI/bin/../lib/gcc/arm-none-eabi/4.6.3/../../../../arm-none-eabi/lib/thumb2/libc.a(lib_a-memchr.o)
                0x08004100                memchr
 *fill*         0x08004188        0x8 00
 .text          0x08004190       0xf0 /home/prana/CodeSourcery/ARM_EABI/bin/../lib/gcc/arm-none-eabi/4.6.3/../../../../arm-none-eabi/lib/thumb2/libc.a(lib_a-memcpy.o)
                0x08004190                memcpy
 .text          0x08004280      0x910 /home/prana/CodeSourcery/ARM_EABI/bin/../lib/gcc/arm-none-eabi/4.6.3/../../../../arm-none-eabi/lib/thumb2/libc.a(lib_a-mprec.o)
                0x08004280                _Balloc
                0x080042ec                _Bfree
                0x08004324                __multadd
                0x080043a8                __s2b
                0x0800443c                __hi0bits
                0x08004478                __lo0bits
                0x080044d4                __i2b
                0x080044e8                __multiply
                0x08004624                __pow5mult
                0x080046c4                __lshift
                0x08004780                __mcmp
                0x080047c0                __mdiff
                0x080048a0                __ulp
                0x080048e4                __b2d
                0x08004994                __d2b
                0x08004a60                __ratio
                0x08004ab4                _mprec_log10
                0x08004ae8                __copybits
                0x08004b30                __any_on
 .text          0x08004b90       0x94 /home/prana/CodeSourcery/ARM_EABI/bin/../lib/gcc/arm-none-eabi/4.6.3/../../../../arm-none-eabi/lib/thumb2/libc.a(lib_a-s_fpclassify.o)
                0x08004b90                __fpclassifyd
 *fill*         0x08004c24        0xc 00
 .text          0x08004c30       0x60 /home/prana/CodeSourcery/ARM_EABI/bin/../lib/gcc/arm-none-eabi/4.6.3/../../../../arm-none-eabi/lib/thumb2/libc.a(lib_a-strlen.o)
                0x08004c30                strlen
 .text          0x08004c90      0xb60 /home/prana/CodeSourcery/ARM_EABI/bin/../lib/gcc/arm-none-eabi/4.6.3/../../../../arm-none-eabi/lib/thumb2/libc.a(lib_a-svfiprintf.o)
                0x08004c90                __ssprint_r
                0x08004da8                _svfiprintf_r
 .text          0x080057f0       0x60 /home/prana/CodeSourcery/ARM_EABI/bin/../lib/gcc/arm-none-eabi/4.6.3/../../../../arm-none-eabi/lib/thumb2/libc.a(lib_a-callocr.o)
                0x080057f0                _calloc_r
 .text          0x08005850       0xbc /home/prana/CodeSourcery/ARM_EABI/bin/../lib/gcc/arm-none-eabi/4.6.3/../../../../arm-none-eabi/lib/thumb2/libc.a(lib_a-memmove.o)
                0x08005850                memmove
 *fill*         0x0800590c        0x4 00
 .text          0x08005910      0x3d8 /home/prana/CodeSourcery/ARM_EABI/bin/../lib/gcc/arm-none-eabi/4.6.3/../../../../arm-none-eabi/lib/thumb2/libc.a(lib_a-reallocr.o)
                0x08005910                _realloc_r
 *fill*         0x08005ce8        0x8 00
 .text          0x08005cf0      0x278 /home/prana/CodeSourcery/ARM_EABI/bin/../lib/gcc/arm-none-eabi/4.6.3/thumb2/libgcc.a(_udivsi3.o)
                0x08005cf0                __udivsi3
                0x08005cf0                __aeabi_uidiv
                0x08005f4c                __aeabi_uidivmod
 *fill*         0x08005f68        0x8 00
 .text          0x08005f70      0x2b0 /home/prana/CodeSourcery/ARM_EABI/bin/../lib/gcc/arm-none-eabi/4.6.3/thumb2/libgcc.a(_divsi3.o)
                0x08005f70                __aeabi_idiv
                0x08005f70                __divsi3
                0x08006204                __aeabi_idivmod
 .text          0x08006220        0x4 /home/prana/CodeSourcery/ARM_EABI/bin/../lib/gcc/arm-none-eabi/4.6.3/thumb2/libgcc.a(_dvmd_tls.o)
                0x08006220                __aeabi_ldiv0
                0x08006220                __aeabi_idiv0
 *fill*         0x08006224        0xc 00
 .text          0x08006230      0x370 /home/prana/CodeSourcery/ARM_EABI/bin/../lib/gcc/arm-none-eabi/4.6.3/thumb2/libgcc.a(_arm_addsubdf3.o)
                0x08006230                __aeabi_drsub
                0x08006238                __aeabi_dsub
                0x08006238                __subdf3
                0x0800623c                __adddf3
                0x0800623c                __aeabi_dadd
                0x080064b4                __aeabi_ui2d
                0x080064b4                __floatunsidf
                0x080064d4                __floatsidf
                0x080064d4                __aeabi_i2d
                0x080064f8                __extendsfdf2
                0x080064f8                __aeabi_f2d
                0x08006534                __aeabi_ul2d
                0x08006534                __floatundidf
                0x08006544                __floatdidf
                0x08006544                __aeabi_l2d
 .text          0x080065a0      0x424 /home/prana/CodeSourcery/ARM_EABI/bin/../lib/gcc/arm-none-eabi/4.6.3/thumb2/libgcc.a(_arm_muldivdf3.o)
                0x080065a0                __aeabi_dmul
                0x080065a0                __muldf3
                0x080067f4                __aeabi_ddiv
                0x080067f4                __divdf3
 *fill*         0x080069c4        0xc 00
 .text          0x080069d0      0x110 /home/prana/CodeSourcery/ARM_EABI/bin/../lib/gcc/arm-none-eabi/4.6.3/thumb2/libgcc.a(_arm_cmpdf2.o)
                0x080069d0                __gtdf2
                0x080069d0                __gedf2
                0x080069d8                __ltdf2
                0x080069d8                __ledf2
                0x080069e0                __cmpdf2
                0x080069e0                __eqdf2
                0x080069e0                __nedf2
                0x08006a5c                __aeabi_cdrcmple
                0x08006a6c                __aeabi_cdcmple
                0x08006a6c                __aeabi_cdcmpeq
                0x08006a7c                __aeabi_dcmpeq
                0x08006a90                __aeabi_dcmplt
                0x08006aa4                __aeabi_dcmple
                0x08006ab8                __aeabi_dcmpge
                0x08006acc                __aeabi_dcmpgt
 .text          0x08006ae0       0x50 /home/prana/CodeSourcery/ARM_EABI/bin/../lib/gcc/arm-none-eabi/4.6.3/thumb2/libgcc.a(_arm_fixdfsi.o)
                0x08006ae0                __fixdfsi
                0x08006ae0                __aeabi_d2iz
 .text          0x08006b30       0x2c /home/prana/CodeSourcery/ARM_EABI/bin/../lib/gcc/arm-none-eabi/4.6.3/thumb2/libgcc.a(_aeabi_uldivmod.o)
                0x08006b30                __aeabi_uldivmod
 *fill*         0x08006b5c        0x4 00
 .text          0x08006b60       0x5c /home/prana/CodeSourcery/ARM_EABI/bin/../lib/gcc/arm-none-eabi/4.6.3/thumb2/libgcc.a(bpabi.o)
                0x08006b60                __gnu_ldivmod_helper
                0x08006b90                __gnu_uldivmod_helper
 *fill*         0x08006bbc        0x4 00
 .text          0x08006bc0      0x364 /home/prana/CodeSourcery/ARM_EABI/bin/../lib/gcc/arm-none-eabi/4.6.3/thumb2/libgcc.a(_divdi3.o)
                0x08006bc0                __divdi3
 *fill*         0x08006f24        0xc 00
 .text          0x08006f30      0x33c /home/prana/CodeSourcery/ARM_EABI/bin/../lib/gcc/arm-none-eabi/4.6.3/thumb2/libgcc.a(_udivdi3.o)
                0x08006f30                __udivdi3
 *(.text.*)
 *fill*         0x0800726c        0x4 00
 .text.__late_init
                0x08007270       0x10 build/obj/crt0.o
                0x08007270                __late_init
 .text._default_exit
                0x08007280       0x10 build/obj/crt0.o
                0x08007280                _default_exit
 .text.ResetHandler
                0x08007290      0x1e0 build/obj/crt0.o
                0x08007290                ResetHandler
 .text._unhandled_exception
                0x08007470       0x10 build/obj/vectors.o
                0x08007470                VectorAC
                0x08007470                NMIVector
                0x08007470                Vector11C
                0x08007470                Vector8C
                0x08007470                VectorDC
                0x08007470                Vector168
                0x08007470                Vector110
                0x08007470                Vector120
                0x08007470                VectorC8
                0x08007470                Vector94
                0x08007470                VectorA8
                0x08007470                VectorB4
                0x08007470                Vector74
                0x08007470                Vector160
                0x08007470                VectorEC
                0x08007470                UsageFaultVector
                0x08007470                DebugMonitorVector
                0x08007470                Vector40
                0x08007470                VectorF8
                0x08007470                Vector108
                0x08007470                VectorBC
                0x08007470                Vector150
                0x08007470                Vector124
                0x08007470                Vector148
                0x08007470                PendSVVector
                0x08007470                Vector118
                0x08007470                VectorCC
                0x08007470                Vector54
                0x08007470                Vector98
                0x08007470                Vector24
                0x08007470                Vector178
                0x08007470                Vector84
                0x08007470                BusFaultVector
                0x08007470                VectorD0
                0x08007470                Vector140
                0x08007470                VectorE4
                0x08007470                VectorC0
                0x08007470                Vector158
                0x08007470                Vector130
                0x08007470                HardFaultVector
                0x08007470                Vector134
                0x08007470                VectorF0
                0x08007470                Vector12C
                0x08007470                Vector13C
                0x08007470                Vector100
                0x08007470                VectorF4
                0x08007470                MemManageVector
                0x08007470                Vector6C
                0x08007470                VectorA0
                0x08007470                VectorC4
                0x08007470                Vector7C
                0x08007470                Vector180
                0x08007470                VectorB0
                0x08007470                Vector90
                0x08007470                Vector114
                0x08007470                Vector164
                0x08007470                Vector1C
                0x08007470                Vector17C
                0x08007470                Vector48
                0x08007470                Vector16C
                0x08007470                Vector70
                0x08007470                VectorD4
                0x08007470                Vector144
                0x08007470                Vector80
                0x08007470                Vector15C
                0x08007470                Vector78
                0x08007470                _unhandled_exception
                0x08007470                Vector88
                0x08007470                Vector104
                0x08007470                Vector184
                0x08007470                Vector10C
                0x08007470                Vector14C
                0x08007470                Vector50
                0x08007470                Vector154
                0x08007470                Vector28
                0x08007470                VectorB8
                0x08007470                VectorFC
                0x08007470                Vector34
                0x08007470                Vector128
                0x08007470                VectorA4
                0x08007470                Vector20
                0x08007470                Vector174
 .text.port_halt
                0x08007480       0x10 build/obj/chcore.o
                0x08007480                port_halt
 .text._port_switch_from_isr
                0x08007490       0x10 build/obj/chcore_v7m.o
                0x08007490                _port_switch_from_isr
 .text.SVCallVector
                0x080074a0       0x20 build/obj/chcore_v7m.o
                0x080074a0                SVCallVector
 .text._port_init
                0x080074c0       0x40 build/obj/chcore_v7m.o
                0x080074c0                _port_init
 .text._port_lock
                0x08007500       0x10 build/obj/chcore_v7m.o
                0x08007500                _port_lock
 .text._port_unlock
                0x08007510       0x10 build/obj/chcore_v7m.o
                0x08007510                _port_unlock
 .text._port_irq_epilogue
                0x08007520       0x60 build/obj/chcore_v7m.o
                0x08007520                _port_irq_epilogue
 .text.SysTickVector
                0x08007580       0x30 build/obj/chcore_v7m.o
                0x08007580                SysTickVector
 .text._port_switch
                0x080075b0       0x10 build/obj/chcore_v7m.o
                0x080075b0                _port_switch
 .text._port_thread_start
                0x080075c0       0x20 build/obj/chcore_v7m.o
                0x080075c0                _port_thread_start
 .text.nvicEnableVector
                0x080075e0       0x50 build/obj/nvic.o
                0x080075e0                nvicEnableVector
 .text.nvicSetSystemHandlerPriority
                0x08007630       0x30 build/obj/nvic.o
                0x08007630                nvicSetSystemHandlerPriority
 .text._idle_thread
                0x08007660       0x20 build/obj/chsys.o
                0x08007660                _idle_thread
 .text.chSysInit
                0x08007680       0x80 build/obj/chsys.o
                0x08007680                chSysInit
 .text.chSysTimerHandlerI
                0x08007700       0x60 build/obj/chsys.o
                0x08007700                chSysTimerHandlerI
 .text.dbg_check_enable
                0x08007760       0x40 build/obj/chdebug.o
                0x08007760                dbg_check_enable
 .text.dbg_check_lock
                0x080077a0       0x40 build/obj/chdebug.o
                0x080077a0                dbg_check_lock
 .text.dbg_check_unlock
                0x080077e0       0x40 build/obj/chdebug.o
                0x080077e0                dbg_check_unlock
 .text.dbg_check_lock_from_isr
                0x08007820       0x40 build/obj/chdebug.o
                0x08007820                dbg_check_lock_from_isr
 .text.dbg_check_unlock_from_isr
                0x08007860       0x50 build/obj/chdebug.o
                0x08007860                dbg_check_unlock_from_isr
 .text.dbg_check_enter_isr
                0x080078b0       0x50 build/obj/chdebug.o
                0x080078b0                dbg_check_enter_isr
 .text.dbg_check_leave_isr
                0x08007900       0x50 build/obj/chdebug.o
                0x08007900                dbg_check_leave_isr
 .text.chDbgCheckClassI
                0x08007950       0x40 build/obj/chdebug.o
                0x08007950                chDbgCheckClassI
 .text.chDbgCheckClassS
                0x08007990       0x40 build/obj/chdebug.o
                0x08007990                chDbgCheckClassS
 .text._trace_init
                0x080079d0       0x20 build/obj/chdebug.o
                0x080079d0                _trace_init
 .text.dbg_trace
                0x080079f0       0x50 build/obj/chdebug.o
                0x080079f0                dbg_trace
 .text.chDbgPanic
                0x08007a40       0x10 build/obj/chdebug.o
                0x08007a40                chDbgPanic
 .text.queue_insert
                0x08007a50       0x10 build/obj/chlists.o
                0x08007a50                queue_insert
 .text.fifo_remove
                0x08007a60       0x10 build/obj/chlists.o
                0x08007a60                fifo_remove
 .text.dequeue  0x08007a70       0x10 build/obj/chlists.o
                0x08007a70                dequeue
 .text.list_remove
                0x08007a80       0x10 build/obj/chlists.o
                0x08007a80                list_remove
 .text._vt_init
                0x08007a90       0x20 build/obj/chvt.o
                0x08007a90                _vt_init
 .text.chVTSetI
                0x08007ab0       0x70 build/obj/chvt.o
                0x08007ab0                chVTSetI
 .text.chVTResetI
                0x08007b20       0x50 build/obj/chvt.o
                0x08007b20                chVTResetI
 .text._scheduler_init
                0x08007b70       0x20 build/obj/chschd.o
                0x08007b70                _scheduler_init
 .text.chSchReadyI
                0x08007b90       0x60 build/obj/chschd.o
                0x08007b90                chSchReadyI
 .text.wakeup   0x08007bf0       0x50 build/obj/chschd.o
 .text.chSchGoSleepS
                0x08007c40       0x50 build/obj/chschd.o
                0x08007c40                chSchGoSleepS
 .text.chSchGoSleepTimeoutS
                0x08007c90       0x60 build/obj/chschd.o
                0x08007c90                chSchGoSleepTimeoutS
 .text.chSchWakeupS
                0x08007cf0       0x60 build/obj/chschd.o
                0x08007cf0                chSchWakeupS
 .text.chSchDoRescheduleAhead
                0x08007d50       0x60 build/obj/chschd.o
                0x08007d50                chSchDoRescheduleAhead
 .text.chSchDoReschedule
                0x08007db0       0x10 build/obj/chschd.o
                0x08007db0                chSchDoReschedule
 .text._thread_init
                0x08007dc0       0x50 build/obj/chthreads.o
                0x08007dc0                _thread_init
 .text.chThdCreateI
                0x08007e10       0xb0 build/obj/chthreads.o
                0x08007e10                chThdCreateI
 .text.chThdCreateStatic
                0x08007ec0       0x90 build/obj/chthreads.o
                0x08007ec0                chThdCreateStatic
 .text.chThdSleep
                0x08007f50       0x30 build/obj/chthreads.o
                0x08007f50                chThdSleep
 .text.chThdExitS
                0x08007f80       0x60 build/obj/chthreads.o
                0x08007f80                chThdExitS
 .text.chThdExit
                0x08007fe0       0x20 build/obj/chthreads.o
                0x08007fe0                chThdExit
 .text.chEvtSignalI
                0x08008000       0x50 build/obj/chevents.o
                0x08008000                chEvtSignalI
 .text.chEvtBroadcastFlagsI
                0x08008050       0x40 build/obj/chevents.o
                0x08008050                chEvtBroadcastFlagsI
 .text.qwait    0x08008090       0x30 build/obj/chqueues.o
 .text.chIQInit
                0x080080c0       0x20 build/obj/chqueues.o
                0x080080c0                chIQInit
 .text.chIQPutI
                0x080080e0       0x50 build/obj/chqueues.o
                0x080080e0                chIQPutI
 .text.chIQGetTimeout
                0x08008130       0x60 build/obj/chqueues.o
                0x08008130                chIQGetTimeout
 .text.chIQReadTimeout
                0x08008190       0x80 build/obj/chqueues.o
                0x08008190                chIQReadTimeout
 .text.chOQInit
                0x08008210       0x20 build/obj/chqueues.o
                0x08008210                chOQInit
 .text.chOQPutTimeout
                0x08008230       0x60 build/obj/chqueues.o
                0x08008230                chOQPutTimeout
 .text.chOQGetI
                0x08008290       0x50 build/obj/chqueues.o
                0x08008290                chOQGetI
 .text.chOQWriteTimeout
                0x080082e0       0x90 build/obj/chqueues.o
                0x080082e0                chOQWriteTimeout
 .text._core_init
                0x08008370       0x30 build/obj/chmemcore.o
                0x08008370                _core_init
 .text.chCoreAllocI
                0x080083a0       0x40 build/obj/chmemcore.o
                0x080083a0                chCoreAllocI
 .text.chCoreAlloc
                0x080083e0       0x20 build/obj/chmemcore.o
                0x080083e0                chCoreAlloc
 .text.halInit  0x08008400       0x30 build/obj/hal.o
                0x08008400                halInit
 .text.extInit  0x08008430       0x10 build/obj/ext.o
                0x08008430                extInit
 .text.extObjectInit
                0x08008440       0x10 build/obj/ext.o
                0x08008440                extObjectInit
 .text.rtcInit  0x08008450       0x10 build/obj/rtc.o
                0x08008450                rtcInit
 .text.rtcSetTime
                0x08008460       0x40 build/obj/rtc.o
                0x08008460                rtcSetTime
 .text.rtcGetTime
                0x080084a0       0x40 build/obj/rtc.o
                0x080084a0                rtcGetTime
 .text.rtcSetAlarm
                0x080084e0       0x50 build/obj/rtc.o
                0x080084e0                rtcSetAlarm
 .text.rtcGetAlarm
                0x08008530       0x50 build/obj/rtc.o
                0x08008530                rtcGetAlarm
 .text.readt    0x08008580       0x10 build/obj/serial.o
 .text.read     0x08008590       0x10 build/obj/serial.o
 .text.writet   0x080085a0       0x10 build/obj/serial.o
 .text.write    0x080085b0       0x10 build/obj/serial.o
 .text.gett     0x080085c0       0x10 build/obj/serial.o
 .text.get      0x080085d0       0x10 build/obj/serial.o
 .text.putt     0x080085e0       0x10 build/obj/serial.o
 .text.put      0x080085f0       0x10 build/obj/serial.o
 .text.sdInit   0x08008600       0x10 build/obj/serial.o
                0x08008600                sdInit
 .text.sdObjectInit
                0x08008610       0x50 build/obj/serial.o
                0x08008610                sdObjectInit
 .text.sdStart  0x08008660       0x50 build/obj/serial.o
                0x08008660                sdStart
 .text.sdIncomingDataI
                0x080086b0       0x50 build/obj/serial.o
                0x080086b0                sdIncomingDataI
 .text.tm_start
                0x08008700       0x10 build/obj/tm.o
 .text.tm_stop  0x08008710       0x40 build/obj/tm.o
 .text.tmInit   0x08008750       0x50 build/obj/tm.o
                0x08008750                tmInit
 .text.hal_lld_init
                0x080087a0      0x100 build/obj/hal_lld.o
                0x080087a0                hal_lld_init
 .text.stm32_clock_init
                0x080088a0      0x170 build/obj/hal_lld.o
                0x080088a0                stm32_clock_init
 .text.Vector58
                0x08008a10       0x30 build/obj/ext_lld_isr.o
                0x08008a10                Vector58
 .text.Vector5C
                0x08008a40       0x30 build/obj/ext_lld_isr.o
                0x08008a40                Vector5C
 .text.Vector60
                0x08008a70       0x30 build/obj/ext_lld_isr.o
                0x08008a70                Vector60
 .text.Vector64
                0x08008aa0       0x30 build/obj/ext_lld_isr.o
                0x08008aa0                Vector64
 .text.Vector68
                0x08008ad0       0x30 build/obj/ext_lld_isr.o
                0x08008ad0                Vector68
 .text.Vector9C
                0x08008b00       0xa0 build/obj/ext_lld_isr.o
                0x08008b00                Vector9C
 .text.VectorE0
                0x08008ba0       0xc0 build/obj/ext_lld_isr.o
                0x08008ba0                VectorE0
 .text.Vector44
                0x08008c60       0x40 build/obj/ext_lld_isr.o
                0x08008c60                Vector44
 .text.VectorE8
                0x08008ca0       0x40 build/obj/ext_lld_isr.o
                0x08008ca0                VectorE8
 .text.Vector138
                0x08008ce0       0x40 build/obj/ext_lld_isr.o
                0x08008ce0                Vector138
 .text.Vector170
                0x08008d20       0x40 build/obj/ext_lld_isr.o
                0x08008d20                Vector170
 .text.Vector4C
                0x08008d60       0x40 build/obj/ext_lld_isr.o
                0x08008d60                Vector4C
 .text.ext_lld_init
                0x08008da0       0x10 build/obj/ext_lld.o
                0x08008da0                ext_lld_init
 .text._pal_lld_init
                0x08008db0      0x1f0 build/obj/pal_lld.o
                0x08008db0                _pal_lld_init
 .text.rtc_lld_init
                0x08008fa0       0x50 build/obj/rtc_lld.o
                0x08008fa0                rtc_lld_init
 .text.rtc_lld_set_time
                0x08008ff0       0x40 build/obj/rtc_lld.o
                0x08008ff0                rtc_lld_set_time
 .text.rtc_lld_get_time
                0x08009030       0x40 build/obj/rtc_lld.o
                0x08009030                rtc_lld_get_time
 .text.rtc_lld_set_alarm
                0x08009070       0x80 build/obj/rtc_lld.o
                0x08009070                rtc_lld_set_alarm
 .text.rtc_lld_get_alarm
                0x080090f0       0x10 build/obj/rtc_lld.o
                0x080090f0                rtc_lld_get_alarm
 .text.rtcSetPeriodicWakeup_v2
                0x08009100       0x50 build/obj/rtc_lld.o
                0x08009100                rtcSetPeriodicWakeup_v2
 .text.notify2  0x08009150       0x20 build/obj/serial_lld.o
 .text.VectorD8
                0x08009170      0x130 build/obj/serial_lld.o
                0x08009170                VectorD8
 .text.sd_lld_init
                0x080092a0       0x30 build/obj/serial_lld.o
                0x080092a0                sd_lld_init
 .text.sd_lld_start
                0x080092d0       0xc0 build/obj/serial_lld.o
                0x080092d0                sd_lld_start
 .text.__early_init
                0x08009390       0x10 build/obj/board.o
                0x08009390                __early_init
 .text.boardInit
                0x080093a0       0x10 build/obj/board.o
                0x080093a0                boardInit
 .text._sbrk_r  0x080093b0       0x30 build/obj/syscalls.o
                0x080093b0                _sbrk_r
 .text.cmd_systime
                0x080093e0       0x30 build/obj/shell.o
 .text.cmd_info
                0x08009410       0xf0 build/obj/shell.o
 .text._strtok.constprop.2
                0x08009500       0x50 build/obj/shell.o
 .text.shellInit
                0x08009550       0x10 build/obj/shell.o
                0x08009550                shellInit
 .text.shellCreateStatic
                0x08009560       0x20 build/obj/shell.o
                0x08009560                shellCreateStatic
 .text.shellGetLine
                0x08009580       0xb0 build/obj/shell.o
                0x08009580                shellGetLine
 .text.shell_thread
                0x08009630      0x290 build/obj/shell.o
 .text.chprintf
                0x080098c0      0x4a0 build/obj/chprintf.o
                0x080098c0                chprintf
 .text.stm32_rtc_bcd2tm
                0x08009d60       0xc0 build/obj/chrtclib.o
 .text.stm32_rtc_tm2bcd
                0x08009e20      0x120 build/obj/chrtclib.o
 .text.rtcGetTimeTm
                0x08009f40       0x30 build/obj/chrtclib.o
                0x08009f40                rtcGetTimeTm
 .text.rtcGetTimeUnixSec
                0x08009f70       0x30 build/obj/chrtclib.o
                0x08009f70                rtcGetTimeUnixSec
 .text.rtcSetTimeUnixSec
                0x08009fa0       0x30 build/obj/chrtclib.o
                0x08009fa0                rtcSetTimeUnixSec
 .text.blink_thd
                0x08009fd0       0x20 build/obj/main.o
 .text.cmd_date
                0x08009ff0      0x120 build/obj/main.o
 .text.cmd_alarm
                0x0800a110       0xf0 build/obj/main.o
 .text.cmd_sleep
                0x0800a200       0x70 build/obj/main.o
 *(.rodata)
 .rodata        0x0800a270        0x4 build/obj/shell.o
 *fill*         0x0800a274        0xc 00
 .rodata        0x0800a280       0x3c /home/prana/CodeSourcery/ARM_EABI/bin/../lib/gcc/arm-none-eabi/4.6.3/../../../../arm-none-eabi/lib/thumb2/libc.a(lib_a-asctime_r.o)
 *fill*         0x0800a2bc        0x4 00
 .rodata        0x0800a2c0       0x60 /home/prana/CodeSourcery/ARM_EABI/bin/../lib/gcc/arm-none-eabi/4.6.3/../../../../arm-none-eabi/lib/thumb2/libc.a(lib_a-mktime.o)
 .rodata        0x0800a320       0x68 /home/prana/CodeSourcery/ARM_EABI/bin/../lib/gcc/arm-none-eabi/4.6.3/../../../../arm-none-eabi/lib/thumb2/libc.a(lib_a-mktm_r.o)
 *fill*         0x0800a388        0x8 00
 .rodata        0x0800a390       0x20 /home/prana/CodeSourcery/ARM_EABI/bin/../lib/gcc/arm-none-eabi/4.6.3/../../../../arm-none-eabi/lib/thumb2/libc.a(lib_a-svfprintf.o)
 .rodata        0x0800a3b0      0x104 /home/prana/CodeSourcery/ARM_EABI/bin/../lib/gcc/arm-none-eabi/4.6.3/../../../../arm-none-eabi/lib/thumb2/libc.a(lib_a-ctype_.o)
                0x0800a3b0                _ctype_
 *fill*         0x0800a4b4        0xc 00
 .rodata        0x0800a4c0      0x128 /home/prana/CodeSourcery/ARM_EABI/bin/../lib/gcc/arm-none-eabi/4.6.3/../../../../arm-none-eabi/lib/thumb2/libc.a(lib_a-mprec.o)
                0x0800a4d0                __mprec_tens
                0x0800a598                __mprec_tinytens
                0x0800a5c0                __mprec_bigtens
 *fill*         0x0800a5e8        0x8 00
 .rodata        0x0800a5f0       0x20 /home/prana/CodeSourcery/ARM_EABI/bin/../lib/gcc/arm-none-eabi/4.6.3/../../../../arm-none-eabi/lib/thumb2/libc.a(lib_a-svfiprintf.o)
 *(.rodata.*)
 .rodata.str1.4
                0x0800a610        0x5 build/obj/chsys.o
                                  0x8 (size before relaxing)
 *fill*         0x0800a615        0xb 00
 .rodata.str1.4
                0x0800a620       0x56 build/obj/chdebug.o
                                 0x58 (size before relaxing)
 *fill*         0x0800a676        0xa 00
 .rodata.str1.4
                0x0800a680       0x31 build/obj/chvt.o
                                 0x34 (size before relaxing)
 *fill*         0x0800a6b1        0xf 00
 .rodata.str1.4
                0x0800a6c0       0x23 build/obj/chschd.o
                                 0x24 (size before relaxing)
 *fill*         0x0800a6e3        0xd 00
 .rodata.str1.4
                0x0800a6f0       0x84 build/obj/chthreads.o
 *fill*         0x0800a774        0xc 00
 .rodata.ch_debug
                0x0800a780       0x18 build/obj/chregistry.o
                0x0800a780                ch_debug
 *fill*         0x0800a798        0x8 00
 .rodata.str1.4
                0x0800a7a0       0x90 build/obj/chevents.o
 .rodata.str1.4
                0x0800a830       0x29 build/obj/chqueues.o
                                 0x2c (size before relaxing)
 *fill*         0x0800a859        0x7 00
 .rodata.str1.4
                0x0800a860       0x40 build/obj/rtc.o
 .rodata.str1.4
                0x0800a8a0       0x5f build/obj/serial.o
                                 0x60 (size before relaxing)
 *fill*         0x0800a8ff        0x1 00
 .rodata.vmt    0x0800a900       0x20 build/obj/serial.o
 .rodata.str1.4
                0x0800a920       0x37 build/obj/rtc_lld.o
                                 0x38 (size before relaxing)
 *fill*         0x0800a957        0x9 00
 .rodata.default_config
                0x0800a960        0xc build/obj/serial_lld.o
 *fill*         0x0800a96c        0x4 00
 .rodata.pal_default_config
                0x0800a970       0xfc build/obj/board.o
                0x0800a970                pal_default_config
 *fill*         0x0800aa6c        0x4 00
 .rodata.str1.4
                0x0800aa70        0xc build/obj/syscalls.o
 *fill*         0x0800aa7c        0x4 00
 .rodata.str1.4
                0x0800aa80      0x1ed build/obj/shell.o
                                0x1f4 (size before relaxing)
 *fill*         0x0800ac6d        0x3 00
 .rodata.str1.4
                0x0800ac70        0x7 build/obj/chprintf.o
                                  0x8 (size before relaxing)
 *fill*         0x0800ac77        0x9 00
 .rodata.commands
                0x0800ac80       0x20 build/obj/main.o
 .rodata.str1.4
                0x0800aca0      0x1b6 build/obj/main.o
                                0x1bc (size before relaxing)
 *fill*         0x0800ae56        0xa 00
 .rodata.shell_cfg1
                0x0800ae60        0x8 build/obj/main.o
 *fill*         0x0800ae68        0x8 00
 .rodata.str1.4
                0x0800ae70       0x20 /home/prana/CodeSourcery/ARM_EABI/bin/../lib/gcc/arm-none-eabi/4.6.3/../../../../arm-none-eabi/lib/thumb2/libc.a(lib_a-asctime_r.o)
 .rodata.str1.4
                0x0800ae90        0x2 /home/prana/CodeSourcery/ARM_EABI/bin/../lib/gcc/arm-none-eabi/4.6.3/../../../../arm-none-eabi/lib/thumb2/libc.a(lib_a-impure.o)
                                  0x4 (size before relaxing)
 *fill*         0x0800ae92        0xe 00
 .rodata.str1.4
                0x0800aea0       0x35 /home/prana/CodeSourcery/ARM_EABI/bin/../lib/gcc/arm-none-eabi/4.6.3/../../../../arm-none-eabi/lib/thumb2/libc.a(lib_a-svfprintf.o)
                                 0x44 (size before relaxing)
 *fill*         0x0800aed5        0xb 00
 .rodata.str1.4
                0x0800aee0       0x10 /home/prana/CodeSourcery/ARM_EABI/bin/../lib/gcc/arm-none-eabi/4.6.3/../../../../arm-none-eabi/lib/thumb2/libc.a(lib_a-dtoa.o)
                                 0x14 (size before relaxing)
 .rodata.str1.4
                0x0800aef0        0xc /home/prana/CodeSourcery/ARM_EABI/bin/../lib/gcc/arm-none-eabi/4.6.3/../../../../arm-none-eabi/lib/thumb2/libc.a(lib_a-locale.o)
                                 0x14 (size before relaxing)
 .rodata.str1.4
                0x00000000       0x30 /home/prana/CodeSourcery/ARM_EABI/bin/../lib/gcc/arm-none-eabi/4.6.3/../../../../arm-none-eabi/lib/thumb2/libc.a(lib_a-svfiprintf.o)
 *(.glue_7t)
 .glue_7t       0x00000000        0x0 linker stubs
 *(.glue_7)
 .glue_7        0x00000000        0x0 linker stubs
 *(.gcc*)

.vfp11_veneer   0x0800aefc        0x0
 .vfp11_veneer  0x00000000        0x0 linker stubs

.v4_bx          0x0800aefc        0x0
 .v4_bx         0x00000000        0x0 linker stubs

.iplt           0x0800aefc        0x0
 .iplt          0x00000000        0x0 build/obj/crt0.o

.ARM.extab
 *(.ARM.extab* .gnu.linkonce.armextab.*)

.ARM.exidx      0x0800aefc        0x8
                0x0800aefc                PROVIDE (__exidx_start, .)
 *(.ARM.exidx* .gnu.linkonce.armexidx.*)
 .ARM.exidx     0x0800aefc        0x8 /home/prana/CodeSourcery/ARM_EABI/bin/../lib/gcc/arm-none-eabi/4.6.3/thumb2/libgcc.a(_divdi3.o)
 .ARM.exidx     0x0800af04        0x0 /home/prana/CodeSourcery/ARM_EABI/bin/../lib/gcc/arm-none-eabi/4.6.3/thumb2/libgcc.a(_udivdi3.o)
                                  0x8 (size before relaxing)
                0x0800af04                PROVIDE (__exidx_end, .)

.rel.dyn        0x0800af04        0x0
 .rel.iplt      0x00000000        0x0 build/obj/crt0.o

.eh_frame_hdr
 *(.eh_frame_hdr)

.eh_frame
 *(.eh_frame)

.textalign      0x0800af04        0x4
                0x0800af08                . = ALIGN (0x8)
 *fill*         0x0800af04        0x4 00
                0x0800af08                _etext = .
                0x0800af08                _textdata = _etext

.stacks         0x20000000      0x800
                0x20000000                . = ALIGN (0x8)
                0x20000000                __main_stack_base__ = .
                0x20000400                . = (. + __main_stack_size__)
 *fill*         0x20000000      0x400 00
                0x20000400                . = ALIGN (0x8)
                0x20000400                __main_stack_end__ = .
                0x20000400                __process_stack_base__ = .
                0x20000400                __main_thread_stack_base__ = .
                0x20000800                . = (. + __process_stack_size__)
 *fill*         0x20000400      0x400 00
                0x20000800                . = ALIGN (0x8)
                0x20000800                __process_stack_end__ = .
                0x20000800                __main_thread_stack_end__ = .

.data           0x20000800      0x5e8 load address 0x0800af08
                0x20000800                . = ALIGN (0x4)
                0x20000800                PROVIDE (_data, .)
 *(.data)
 .data          0x20000800       0xf4 /home/prana/CodeSourcery/ARM_EABI/bin/../lib/gcc/arm-none-eabi/4.6.3/../../../../arm-none-eabi/lib/thumb2/libc.a(lib_a-impure.o)
                0x20000800                _impure_ptr
 .data          0x200008f4      0x410 /home/prana/CodeSourcery/ARM_EABI/bin/../lib/gcc/arm-none-eabi/4.6.3/../../../../arm-none-eabi/lib/thumb2/libc.a(lib_a-mallocr.o)
                0x200008f4                __malloc_av_
                0x20000cfc                __malloc_sbrk_base
                0x20000d00                __malloc_trim_threshold
 .data          0x20000d04        0x4 /home/prana/CodeSourcery/ARM_EABI/bin/../lib/gcc/arm-none-eabi/4.6.3/../../../../arm-none-eabi/lib/thumb2/libc.a(lib_a-ctype_.o)
                0x20000d04                __ctype_ptr__
 .data          0x20000d08       0x40 /home/prana/CodeSourcery/ARM_EABI/bin/../lib/gcc/arm-none-eabi/4.6.3/../../../../arm-none-eabi/lib/thumb2/libc.a(lib_a-gettzinfo.o)
 .data          0x20000d48       0x7c /home/prana/CodeSourcery/ARM_EABI/bin/../lib/gcc/arm-none-eabi/4.6.3/../../../../arm-none-eabi/lib/thumb2/libc.a(lib_a-locale.o)
                0x20000d68                __mb_cur_max
                0x20000dc4                . = ALIGN (0x4)
 *(.data.*)
 .data.local_commands
                0x20000dc4       0x18 build/obj/shell.o
 .data.ser_cfg  0x20000ddc        0xc build/obj/main.o
                0x20000de8                . = ALIGN (0x4)
 *(.ramtext)
                0x20000de8                . = ALIGN (0x4)
                0x20000de8                PROVIDE (_edata, .)

.igot.plt       0x20000de8        0x0 load address 0x0800b4f0
 .igot.plt      0x00000000        0x0 build/obj/crt0.o

.bss            0x20000de8      0xc1c load address 0x0800b4f0
                0x20000de8                . = ALIGN (0x4)
                0x20000de8                PROVIDE (_bss_start, .)
 *(.bss)
 .bss           0x20000de8       0x34 /home/prana/CodeSourcery/ARM_EABI/bin/../lib/gcc/arm-none-eabi/4.6.3/../../../../arm-none-eabi/lib/thumb2/libc.a(lib_a-mallocr.o)
                0x20000de8                __malloc_top_pad
                0x20000dec                __malloc_current_mallinfo
                0x20000e14                __malloc_max_sbrked_mem
                0x20000e18                __malloc_max_total_mem
 .bss           0x20000e1c        0x8 /home/prana/CodeSourcery/ARM_EABI/bin/../lib/gcc/arm-none-eabi/4.6.3/../../../../arm-none-eabi/lib/thumb2/libc.a(lib_a-tzvars.o)
                0x20000e1c                _timezone
                0x20000e20                _daylight
                0x20000e24                . = ALIGN (0x4)
 *(.bss.*)
 .bss.mainthread.4610
                0x20000e24       0x48 build/obj/chsys.o
 *fill*         0x20000e6c        0x4 00
 .bss._idle_thread_wa
                0x20000e70       0xd0 build/obj/chsys.o
                0x20000e70                _idle_thread_wa
 .bss.dbg_isr_cnt
                0x20000f40        0x4 build/obj/chdebug.o
                0x20000f40                dbg_isr_cnt
 .bss.dbg_trace_buffer
                0x20000f44      0x408 build/obj/chdebug.o
                0x20000f44                dbg_trace_buffer
 .bss.dbg_lock_cnt
                0x2000134c        0x4 build/obj/chdebug.o
                0x2000134c                dbg_lock_cnt
 .bss.dbg_panic_msg
                0x20001350        0x4 build/obj/chdebug.o
                0x20001350                dbg_panic_msg
 .bss.vtlist    0x20001354       0x10 build/obj/chvt.o
                0x20001354                vtlist
 .bss.rlist     0x20001364       0x1c build/obj/chschd.o
                0x20001364                rlist
 .bss.endmem    0x20001380        0x4 build/obj/chmemcore.o
 .bss.nextmem   0x20001384        0x4 build/obj/chmemcore.o
 .bss.measurement_offset
                0x20001388        0x4 build/obj/tm.o
 .bss.EXTD1     0x2000138c        0x8 build/obj/ext_lld.o
                0x2000138c                EXTD1
 .bss.RTCD1     0x20001394        0x4 build/obj/rtc_lld.o
                0x20001394                RTCD1
 .bss.SD2       0x20001398       0x78 build/obj/serial_lld.o
                0x20001398                SD2
 .bss.shell_terminated
                0x20001410        0x4 build/obj/shell.o
                0x20001410                shell_terminated
 *fill*         0x20001414        0x4 00
 .bss.waShell.7297
                0x20001418      0x4b0 build/obj/main.o
 .bss.unix_time
                0x200018c8        0x4 build/obj/main.o
 *fill*         0x200018cc        0x4 00
 .bss.blinkWA   0x200018d0      0x130 build/obj/main.o
 .bss.alarmspec
                0x20001a00        0x4 build/obj/main.o
                0x20001a04                . = ALIGN (0x4)
 *(COMMON)
                0x20001a04                . = ALIGN (0x4)
                0x20001a04                PROVIDE (_bss_end, .)
                0x20001a04                PROVIDE (end, .)
                0x20001a04                _end = .
                0x20001a04                __heap_base__ = _end
                0x2001c000                __heap_end__ = __ram_end__
OUTPUT(build/ch.elf elf32-littlearm)

.debug_info     0x00000000     0xd14c
 .debug_info    0x00000000      0x29c build/obj/crt0.o
 .debug_info    0x0000029c      0x1e1 build/obj/vectors.o
 .debug_info    0x0000047d       0x8b build/obj/chcore.o
 .debug_info    0x00000508      0x771 build/obj/chcore_v7m.o
 .debug_info    0x00000c79      0x437 build/obj/nvic.o
 .debug_info    0x000010b0      0x751 build/obj/chsys.o
 .debug_info    0x00001801      0x8a6 build/obj/chdebug.o
 .debug_info    0x000020a7      0x536 build/obj/chlists.o
 .debug_info    0x000025dd      0x273 build/obj/chvt.o
 .debug_info    0x00002850      0x724 build/obj/chschd.o
 .debug_info    0x00002f74      0x8d7 build/obj/chthreads.o
 .debug_info    0x0000384b      0x5dc build/obj/chregistry.o
 .debug_info    0x00003e27      0x8a3 build/obj/chevents.o
 .debug_info    0x000046ca      0x897 build/obj/chqueues.o
 .debug_info    0x00004f61      0x19d build/obj/chmemcore.o
 .debug_info    0x000050fe      0x34d build/obj/hal.o
 .debug_info    0x0000544b      0x30b build/obj/ext.o
 .debug_info    0x00005756      0x537 build/obj/rtc.o
 .debug_info    0x00005c8d      0xc17 build/obj/serial.o
 .debug_info    0x000068a4      0x2d0 build/obj/tm.o
 .debug_info    0x00006b74      0x6b6 build/obj/hal_lld.o
 .debug_info    0x0000722a      0x5cb build/obj/ext_lld_isr.o
 .debug_info    0x000077f5      0x3b9 build/obj/ext_lld.o
 .debug_info    0x00007bae      0x73d build/obj/pal_lld.o
 .debug_info    0x000082eb      0x63a build/obj/rtc_lld.o
 .debug_info    0x00008925      0xf58 build/obj/serial_lld.o
 .debug_info    0x0000987d      0x1eb build/obj/board.o
 .debug_info    0x00009a68      0xc31 build/obj/syscalls.o
 .debug_info    0x0000a699      0xc7b build/obj/shell.o
 .debug_info    0x0000b314      0x48a build/obj/chprintf.o
 .debug_info    0x0000b79e      0x684 build/obj/chrtclib.o
 .debug_info    0x0000be22     0x132a build/obj/main.o

.debug_abbrev   0x00000000     0x317f
 .debug_abbrev  0x00000000       0xd9 build/obj/crt0.o
 .debug_abbrev  0x000000d9       0xae build/obj/vectors.o
 .debug_abbrev  0x00000187       0x41 build/obj/chcore.o
 .debug_abbrev  0x000001c8      0x17a build/obj/chcore_v7m.o
 .debug_abbrev  0x00000342       0xfb build/obj/nvic.o
 .debug_abbrev  0x0000043d      0x17c build/obj/chsys.o
 .debug_abbrev  0x000005b9      0x1dc build/obj/chdebug.o
 .debug_abbrev  0x00000795      0x163 build/obj/chlists.o
 .debug_abbrev  0x000008f8      0x12c build/obj/chvt.o
 .debug_abbrev  0x00000a24      0x1ef build/obj/chschd.o
 .debug_abbrev  0x00000c13      0x27e build/obj/chthreads.o
 .debug_abbrev  0x00000e91      0x134 build/obj/chregistry.o
 .debug_abbrev  0x00000fc5      0x24e build/obj/chevents.o
 .debug_abbrev  0x00001213      0x20f build/obj/chqueues.o
 .debug_abbrev  0x00001422       0xeb build/obj/chmemcore.o
 .debug_abbrev  0x0000150d      0x16e build/obj/hal.o
 .debug_abbrev  0x0000167b      0x143 build/obj/ext.o
 .debug_abbrev  0x000017be      0x11a build/obj/rtc.o
 .debug_abbrev  0x000018d8      0x1f5 build/obj/serial.o
 .debug_abbrev  0x00001acd      0x1af build/obj/tm.o
 .debug_abbrev  0x00001c7c      0x108 build/obj/hal_lld.o
 .debug_abbrev  0x00001d84      0x17b build/obj/ext_lld_isr.o
 .debug_abbrev  0x00001eff      0x18b build/obj/ext_lld.o
 .debug_abbrev  0x0000208a      0x1c0 build/obj/pal_lld.o
 .debug_abbrev  0x0000224a      0x1ad build/obj/rtc_lld.o
 .debug_abbrev  0x000023f7      0x292 build/obj/serial_lld.o
 .debug_abbrev  0x00002689       0xa9 build/obj/board.o
 .debug_abbrev  0x00002732      0x1b5 build/obj/syscalls.o
 .debug_abbrev  0x000028e7      0x2a3 build/obj/shell.o
 .debug_abbrev  0x00002b8a      0x1a0 build/obj/chprintf.o
 .debug_abbrev  0x00002d2a      0x15e build/obj/chrtclib.o
 .debug_abbrev  0x00002e88      0x2f7 build/obj/main.o

.debug_loc      0x00000000     0x40b6
 .debug_loc     0x00000000       0x88 build/obj/crt0.o
 .debug_loc     0x00000088       0xfb build/obj/chcore_v7m.o
 .debug_loc     0x00000183      0x102 build/obj/nvic.o
 .debug_loc     0x00000285       0xc7 build/obj/chsys.o
 .debug_loc     0x0000034c      0x1ae build/obj/chdebug.o
 .debug_loc     0x000004fa       0xab build/obj/chlists.o
 .debug_loc     0x000005a5      0x138 build/obj/chvt.o
 .debug_loc     0x000006dd      0x2c6 build/obj/chschd.o
 .debug_loc     0x000009a3      0x508 build/obj/chthreads.o
 .debug_loc     0x00000eab       0x90 build/obj/chregistry.o
 .debug_loc     0x00000f3b      0x5a9 build/obj/chevents.o
 .debug_loc     0x000014e4      0x55e build/obj/chqueues.o
 .debug_loc     0x00001a42       0xa5 build/obj/chmemcore.o
 .debug_loc     0x00001ae7       0x8f build/obj/hal.o
 .debug_loc     0x00001b76      0x1e7 build/obj/ext.o
 .debug_loc     0x00001d5d      0x1ea build/obj/rtc.o
 .debug_loc     0x00001f47      0x3d7 build/obj/serial.o
 .debug_loc     0x0000231e       0x97 build/obj/tm.o
 .debug_loc     0x000023b5       0x20 build/obj/hal_lld.o
 .debug_loc     0x000023d5      0x200 build/obj/ext_lld_isr.o
 .debug_loc     0x000025d5      0x16b build/obj/ext_lld.o
 .debug_loc     0x00002740       0xf3 build/obj/pal_lld.o
 .debug_loc     0x00002833      0x276 build/obj/rtc_lld.o
 .debug_loc     0x00002aa9      0x19f build/obj/serial_lld.o
 .debug_loc     0x00002c48      0x150 build/obj/syscalls.o
 .debug_loc     0x00002d98      0x5d0 build/obj/shell.o
 .debug_loc     0x00003368      0x833 build/obj/chprintf.o
 .debug_loc     0x00003b9b      0x2c1 build/obj/chrtclib.o
 .debug_loc     0x00003e5c      0x25a build/obj/main.o

.debug_aranges  0x00000000      0x960
 .debug_aranges
                0x00000000       0x38 build/obj/crt0.o
 .debug_aranges
                0x00000038       0x20 build/obj/vectors.o
 .debug_aranges
                0x00000058       0x20 build/obj/chcore.o
 .debug_aranges
                0x00000078       0x60 build/obj/chcore_v7m.o
 .debug_aranges
                0x000000d8       0x30 build/obj/nvic.o
 .debug_aranges
                0x00000108       0x30 build/obj/chsys.o
 .debug_aranges
                0x00000138       0x88 build/obj/chdebug.o
 .debug_aranges
                0x000001c0       0x50 build/obj/chlists.o
 .debug_aranges
                0x00000210       0x38 build/obj/chvt.o
 .debug_aranges
                0x00000248       0x68 build/obj/chschd.o
 .debug_aranges
                0x000002b0       0x80 build/obj/chthreads.o
 .debug_aranges
                0x00000330       0x28 build/obj/chregistry.o
 .debug_aranges
                0x00000358       0x88 build/obj/chevents.o
 .debug_aranges
                0x000003e0       0x70 build/obj/chqueues.o
 .debug_aranges
                0x00000450       0x38 build/obj/chmemcore.o
 .debug_aranges
                0x00000488       0x30 build/obj/hal.o
 .debug_aranges
                0x000004b8       0x50 build/obj/ext.o
 .debug_aranges
                0x00000508       0x48 build/obj/rtc.o
 .debug_aranges
                0x00000550       0x88 build/obj/serial.o
 .debug_aranges
                0x000005d8       0x38 build/obj/tm.o
 .debug_aranges
                0x00000610       0x28 build/obj/hal_lld.o
 .debug_aranges
                0x00000638       0x98 build/obj/ext_lld_isr.o
 .debug_aranges
                0x000006d0       0x40 build/obj/ext_lld.o
 .debug_aranges
                0x00000710       0x28 build/obj/pal_lld.o
 .debug_aranges
                0x00000738       0x58 build/obj/rtc_lld.o
 .debug_aranges
                0x00000790       0x40 build/obj/serial_lld.o
 .debug_aranges
                0x000007d0       0x28 build/obj/board.o
 .debug_aranges
                0x000007f8       0x50 build/obj/syscalls.o
 .debug_aranges
                0x00000848       0x50 build/obj/shell.o
 .debug_aranges
                0x00000898       0x20 build/obj/chprintf.o
 .debug_aranges
                0x000008b8       0x50 build/obj/chrtclib.o
 .debug_aranges
                0x00000908       0x58 build/obj/main.o

.debug_ranges   0x00000000      0xcd0
 .debug_ranges  0x00000000       0x58 build/obj/crt0.o
 .debug_ranges  0x00000058       0x10 build/obj/vectors.o
 .debug_ranges  0x00000068       0x10 build/obj/chcore.o
 .debug_ranges  0x00000078       0x50 build/obj/chcore_v7m.o
 .debug_ranges  0x000000c8       0x20 build/obj/nvic.o
 .debug_ranges  0x000000e8       0x20 build/obj/chsys.o
 .debug_ranges  0x00000108       0xf0 build/obj/chdebug.o
 .debug_ranges  0x000001f8       0x40 build/obj/chlists.o
 .debug_ranges  0x00000238       0x28 build/obj/chvt.o
 .debug_ranges  0x00000260       0xe0 build/obj/chschd.o
 .debug_ranges  0x00000340       0xa8 build/obj/chthreads.o
 .debug_ranges  0x000003e8       0x18 build/obj/chregistry.o
 .debug_ranges  0x00000400       0x78 build/obj/chevents.o
 .debug_ranges  0x00000478       0x60 build/obj/chqueues.o
 .debug_ranges  0x000004d8       0x28 build/obj/chmemcore.o
 .debug_ranges  0x00000500       0x60 build/obj/hal.o
 .debug_ranges  0x00000560       0x40 build/obj/ext.o
 .debug_ranges  0x000005a0       0x38 build/obj/rtc.o
 .debug_ranges  0x000005d8       0x78 build/obj/serial.o
 .debug_ranges  0x00000650       0x58 build/obj/tm.o
 .debug_ranges  0x000006a8       0x30 build/obj/hal_lld.o
 .debug_ranges  0x000006d8       0x88 build/obj/ext_lld_isr.o
 .debug_ranges  0x00000760       0x30 build/obj/ext_lld.o
 .debug_ranges  0x00000790      0x150 build/obj/pal_lld.o
 .debug_ranges  0x000008e0       0x48 build/obj/rtc_lld.o
 .debug_ranges  0x00000928       0xa8 build/obj/serial_lld.o
 .debug_ranges  0x000009d0       0x18 build/obj/board.o
 .debug_ranges  0x000009e8       0x40 build/obj/syscalls.o
 .debug_ranges  0x00000a28      0x108 build/obj/shell.o
 .debug_ranges  0x00000b30      0x118 build/obj/chprintf.o
 .debug_ranges  0x00000c48       0x40 build/obj/chrtclib.o
 .debug_ranges  0x00000c88       0x48 build/obj/main.o

.debug_line     0x00000000     0x4aea
 .debug_line    0x00000000      0x153 build/obj/crt0.o
 .debug_line    0x00000153       0xd4 build/obj/vectors.o
 .debug_line    0x00000227       0x56 build/obj/chcore.o
 .debug_line    0x0000027d      0x224 build/obj/chcore_v7m.o
 .debug_line    0x000004a1      0x110 build/obj/nvic.o
 .debug_line    0x000005b1      0x1ab build/obj/chsys.o
 .debug_line    0x0000075c      0x329 build/obj/chdebug.o
 .debug_line    0x00000a85      0x1c4 build/obj/chlists.o
 .debug_line    0x00000c49      0x199 build/obj/chvt.o
 .debug_line    0x00000de2      0x2d4 build/obj/chschd.o
 .debug_line    0x000010b6      0x38f build/obj/chthreads.o
 .debug_line    0x00001445      0x1d3 build/obj/chregistry.o
 .debug_line    0x00001618      0x2f2 build/obj/chevents.o
 .debug_line    0x0000190a      0x340 build/obj/chqueues.o
 .debug_line    0x00001c4a      0x166 build/obj/chmemcore.o
 .debug_line    0x00001db0      0x219 build/obj/hal.o
 .debug_line    0x00001fc9      0x252 build/obj/ext.o
 .debug_line    0x0000221b      0x244 build/obj/rtc.o
 .debug_line    0x0000245f      0x3bd build/obj/serial.o
 .debug_line    0x0000281c      0x1e2 build/obj/tm.o
 .debug_line    0x000029fe      0x1d8 build/obj/hal_lld.o
 .debug_line    0x00002bd6      0x324 build/obj/ext_lld_isr.o
 .debug_line    0x00002efa      0x203 build/obj/ext_lld.o
 .debug_line    0x000030fd      0x1f5 build/obj/pal_lld.o
 .debug_line    0x000032f2      0x2c9 build/obj/rtc_lld.o
 .debug_line    0x000035bb      0x347 build/obj/serial_lld.o
 .debug_line    0x00003902      0x15a build/obj/board.o
 .debug_line    0x00003a5c      0x1cc build/obj/syscalls.o
 .debug_line    0x00003c28      0x37d build/obj/shell.o
 .debug_line    0x00003fa5      0x314 build/obj/chprintf.o
 .debug_line    0x000042b9      0x395 build/obj/chrtclib.o
 .debug_line    0x0000464e      0x49c build/obj/main.o

.debug_str      0x00000000     0x28b3
 .debug_str     0x00000000      0x1d0 build/obj/crt0.o
                                0x209 (size before relaxing)
 .debug_str     0x000001d0      0x139 build/obj/vectors.o
                                0x225 (size before relaxing)
 .debug_str     0x00000309       0x30 build/obj/chcore.o
                                 0xf8 (size before relaxing)
 .debug_str     0x00000339      0x297 build/obj/chcore_v7m.o
                                0x38f (size before relaxing)
 .debug_str     0x000005d0       0xbe build/obj/nvic.o
                                0x1ef (size before relaxing)
 .debug_str     0x0000068e      0x1cd build/obj/chsys.o
                                0x440 (size before relaxing)
 .debug_str     0x0000085b      0x1a6 build/obj/chdebug.o
                                0x46d (size before relaxing)
 .debug_str     0x00000a01       0x72 build/obj/chlists.o
                                0x29e (size before relaxing)
 .debug_str     0x00000a73       0x58 build/obj/chvt.o
                                0x19c (size before relaxing)
 .debug_str     0x00000acb       0xe6 build/obj/chschd.o
                                0x399 (size before relaxing)
 .debug_str     0x00000bb1       0xf3 build/obj/chthreads.o
                                0x3cb (size before relaxing)
 .debug_str     0x00000ca4       0x45 build/obj/chregistry.o
                                0x3af (size before relaxing)
 .debug_str     0x00000ce9      0x180 build/obj/chevents.o
                                0x3f6 (size before relaxing)
 .debug_str     0x00000e69      0x11c build/obj/chqueues.o
                                0x3a4 (size before relaxing)
 .debug_str     0x00000f85       0x7e build/obj/chmemcore.o
                                0x15a (size before relaxing)
 .debug_str     0x00001003      0x13d build/obj/hal.o
                                0x223 (size before relaxing)
 .debug_str     0x00001140       0xfb build/obj/ext.o
                                0x1fb (size before relaxing)
 .debug_str     0x0000123b      0x1b2 build/obj/rtc.o
                                0x2a5 (size before relaxing)
 .debug_str     0x000013ed      0x166 build/obj/serial.o
                                0x49f (size before relaxing)
 .debug_str     0x00001553       0x6c build/obj/tm.o
                                0x1ac (size before relaxing)
 .debug_str     0x000015bf      0x1aa build/obj/hal_lld.o
                                0x376 (size before relaxing)
 .debug_str     0x00001769      0x61d build/obj/ext_lld_isr.o
                                0x78d (size before relaxing)
 .debug_str     0x00001d86       0xb2 build/obj/ext_lld.o
                                0x252 (size before relaxing)
 .debug_str     0x00001e38       0xd5 build/obj/pal_lld.o
                                0x357 (size before relaxing)
 .debug_str     0x00001f0d       0xf4 build/obj/rtc_lld.o
                                0x342 (size before relaxing)
 .debug_str     0x00002001       0x9d build/obj/serial_lld.o
                                0xa80 (size before relaxing)
 .debug_str     0x0000209e       0x40 build/obj/board.o
                                0x1c7 (size before relaxing)
 .debug_str     0x000020de      0x4a1 build/obj/syscalls.o
                                0x5d2 (size before relaxing)
 .debug_str     0x0000257f      0x14f build/obj/shell.o
                                0x49d (size before relaxing)
 .debug_str     0x000026ce       0xae build/obj/chprintf.o
                                0x1e2 (size before relaxing)
 .debug_str     0x0000277c       0xb2 build/obj/chrtclib.o
                                0x326 (size before relaxing)
 .debug_str     0x0000282e       0x85 build/obj/main.o
                                0x76b (size before relaxing)

.comment        0x00000000       0x30
 .comment       0x00000000       0x30 build/obj/crt0.o
                                 0x31 (size before relaxing)
 .comment       0x00000000       0x31 build/obj/vectors.o
 .comment       0x00000000       0x31 build/obj/chcore.o
 .comment       0x00000000       0x31 build/obj/chcore_v7m.o
 .comment       0x00000000       0x31 build/obj/nvic.o
 .comment       0x00000000       0x31 build/obj/chsys.o
 .comment       0x00000000       0x31 build/obj/chdebug.o
 .comment       0x00000000       0x31 build/obj/chlists.o
 .comment       0x00000000       0x31 build/obj/chvt.o
 .comment       0x00000000       0x31 build/obj/chschd.o
 .comment       0x00000000       0x31 build/obj/chthreads.o
 .comment       0x00000000       0x31 build/obj/chregistry.o
 .comment       0x00000000       0x31 build/obj/chevents.o
 .comment       0x00000000       0x31 build/obj/chqueues.o
 .comment       0x00000000       0x31 build/obj/chmemcore.o
 .comment       0x00000000       0x31 build/obj/hal.o
 .comment       0x00000000       0x31 build/obj/ext.o
 .comment       0x00000000       0x31 build/obj/rtc.o
 .comment       0x00000000       0x31 build/obj/serial.o
 .comment       0x00000000       0x31 build/obj/tm.o
 .comment       0x00000000       0x31 build/obj/hal_lld.o
 .comment       0x00000000       0x31 build/obj/ext_lld_isr.o
 .comment       0x00000000       0x31 build/obj/ext_lld.o
 .comment       0x00000000       0x31 build/obj/pal_lld.o
 .comment       0x00000000       0x31 build/obj/rtc_lld.o
 .comment       0x00000000       0x31 build/obj/serial_lld.o
 .comment       0x00000000       0x31 build/obj/board.o
 .comment       0x00000000       0x31 build/obj/syscalls.o
 .comment       0x00000000       0x31 build/obj/shell.o
 .comment       0x00000000       0x31 build/obj/chprintf.o
 .comment       0x00000000       0x31 build/obj/chrtclib.o
 .comment       0x00000000       0x31 build/obj/main.o

.ARM.attributes
                0x00000000       0x33
 .ARM.attributes
                0x00000000       0x33 build/obj/crt0.o
 .ARM.attributes
                0x00000033       0x33 build/obj/vectors.o
 .ARM.attributes
                0x00000066       0x33 build/obj/chcore.o
 .ARM.attributes
                0x00000099       0x33 build/obj/chcore_v7m.o
 .ARM.attributes
                0x000000cc       0x33 build/obj/nvic.o
 .ARM.attributes
                0x000000ff       0x33 build/obj/chsys.o
 .ARM.attributes
                0x00000132       0x33 build/obj/chdebug.o
 .ARM.attributes
                0x00000165       0x33 build/obj/chlists.o
 .ARM.attributes
                0x00000198       0x33 build/obj/chvt.o
 .ARM.attributes
                0x000001cb       0x33 build/obj/chschd.o
 .ARM.attributes
                0x000001fe       0x33 build/obj/chthreads.o
 .ARM.attributes
                0x00000231       0x33 build/obj/chregistry.o
 .ARM.attributes
                0x00000264       0x33 build/obj/chevents.o
 .ARM.attributes
                0x00000297       0x33 build/obj/chqueues.o
 .ARM.attributes
                0x000002ca       0x33 build/obj/chmemcore.o
 .ARM.attributes
                0x000002fd       0x33 build/obj/hal.o
 .ARM.attributes
                0x00000330       0x33 build/obj/ext.o
 .ARM.attributes
                0x00000363       0x33 build/obj/rtc.o
 .ARM.attributes
                0x00000396       0x33 build/obj/serial.o
 .ARM.attributes
                0x000003c9       0x33 build/obj/tm.o
 .ARM.attributes
                0x000003fc       0x33 build/obj/hal_lld.o
 .ARM.attributes
                0x0000042f       0x33 build/obj/ext_lld_isr.o
 .ARM.attributes
                0x00000462       0x33 build/obj/ext_lld.o
 .ARM.attributes
                0x00000495       0x33 build/obj/pal_lld.o
 .ARM.attributes
                0x000004c8       0x33 build/obj/rtc_lld.o
 .ARM.attributes
                0x000004fb       0x33 build/obj/serial_lld.o
 .ARM.attributes
                0x0000052e       0x33 build/obj/board.o
 .ARM.attributes
                0x00000561       0x33 build/obj/syscalls.o
 .ARM.attributes
                0x00000594       0x33 build/obj/shell.o
 .ARM.attributes
                0x000005c7       0x33 build/obj/chprintf.o
 .ARM.attributes
                0x000005fa       0x33 build/obj/chrtclib.o
 .ARM.attributes
                0x0000062d       0x33 build/obj/main.o
 .ARM.attributes
                0x00000660       0x2b /home/prana/CodeSourcery/ARM_EABI/bin/../lib/gcc/arm-none-eabi/4.6.3/../../../../arm-none-eabi/lib/thumb2/libc.a(lib_a-asctime.o)
 .ARM.attributes
                0x0000068b       0x2b /home/prana/CodeSourcery/ARM_EABI/bin/../lib/gcc/arm-none-eabi/4.6.3/../../../../arm-none-eabi/lib/thumb2/libc.a(lib_a-asctime_r.o)
 .ARM.attributes
                0x000006b6       0x2b /home/prana/CodeSourcery/ARM_EABI/bin/../lib/gcc/arm-none-eabi/4.6.3/../../../../arm-none-eabi/lib/thumb2/libc.a(lib_a-atol.o)
 .ARM.attributes
                0x000006e1       0x2b /home/prana/CodeSourcery/ARM_EABI/bin/../lib/gcc/arm-none-eabi/4.6.3/../../../../arm-none-eabi/lib/thumb2/libc.a(lib_a-impure.o)
 .ARM.attributes
                0x0000070c       0x2b /home/prana/CodeSourcery/ARM_EABI/bin/../lib/gcc/arm-none-eabi/4.6.3/../../../../arm-none-eabi/lib/thumb2/libc.a(lib_a-lcltime_r.o)
 .ARM.attributes
                0x00000737       0x2b /home/prana/CodeSourcery/ARM_EABI/bin/../lib/gcc/arm-none-eabi/4.6.3/../../../../arm-none-eabi/lib/thumb2/libc.a(lib_a-malloc.o)
 .ARM.attributes
                0x00000762       0x2b /home/prana/CodeSourcery/ARM_EABI/bin/../lib/gcc/arm-none-eabi/4.6.3/../../../../arm-none-eabi/lib/thumb2/libc.a(lib_a-mallocr.o)
 .ARM.attributes
                0x0000078d       0x2b /home/prana/CodeSourcery/ARM_EABI/bin/../lib/gcc/arm-none-eabi/4.6.3/../../../../arm-none-eabi/lib/thumb2/libc.a(lib_a-memset.o)
 .ARM.attributes
                0x000007b8       0x2b /home/prana/CodeSourcery/ARM_EABI/bin/../lib/gcc/arm-none-eabi/4.6.3/../../../../arm-none-eabi/lib/thumb2/libc.a(lib_a-mktime.o)
 .ARM.attributes
                0x000007e3       0x2b /home/prana/CodeSourcery/ARM_EABI/bin/../lib/gcc/arm-none-eabi/4.6.3/../../../../arm-none-eabi/lib/thumb2/libc.a(lib_a-mktm_r.o)
 .ARM.attributes
                0x0000080e       0x2b /home/prana/CodeSourcery/ARM_EABI/bin/../lib/gcc/arm-none-eabi/4.6.3/../../../../arm-none-eabi/lib/thumb2/libc.a(lib_a-mlock.o)
 .ARM.attributes
                0x00000839       0x2b /home/prana/CodeSourcery/ARM_EABI/bin/../lib/gcc/arm-none-eabi/4.6.3/../../../../arm-none-eabi/lib/thumb2/libc.a(lib_a-sprintf.o)
 .ARM.attributes
                0x00000864       0x2b /home/prana/CodeSourcery/ARM_EABI/bin/../lib/gcc/arm-none-eabi/4.6.3/../../../../arm-none-eabi/lib/thumb2/libc.a(lib_a-strcasecmp.o)
 .ARM.attributes
                0x0000088f       0x2b /home/prana/CodeSourcery/ARM_EABI/bin/../lib/gcc/arm-none-eabi/4.6.3/../../../../arm-none-eabi/lib/thumb2/libc.a(lib_a-strchr.o)
 .ARM.attributes
                0x000008ba       0x2b /home/prana/CodeSourcery/ARM_EABI/bin/../lib/gcc/arm-none-eabi/4.6.3/../../../../arm-none-eabi/lib/thumb2/libc.a(lib_a-strcmp.o)
 .ARM.attributes
                0x000008e5       0x2b /home/prana/CodeSourcery/ARM_EABI/bin/../lib/gcc/arm-none-eabi/4.6.3/../../../../arm-none-eabi/lib/thumb2/libc.a(lib_a-strspn.o)
 .ARM.attributes
                0x00000910       0x2b /home/prana/CodeSourcery/ARM_EABI/bin/../lib/gcc/arm-none-eabi/4.6.3/../../../../arm-none-eabi/lib/thumb2/libc.a(lib_a-strtol.o)
 .ARM.attributes
                0x0000093b       0x2b /home/prana/CodeSourcery/ARM_EABI/bin/../lib/gcc/arm-none-eabi/4.6.3/../../../../arm-none-eabi/lib/thumb2/libc.a(lib_a-svfprintf.o)
 .ARM.attributes
                0x00000966       0x2b /home/prana/CodeSourcery/ARM_EABI/bin/../lib/gcc/arm-none-eabi/4.6.3/../../../../arm-none-eabi/lib/thumb2/libc.a(lib_a-tzlock.o)
 .ARM.attributes
                0x00000991       0x2b /home/prana/CodeSourcery/ARM_EABI/bin/../lib/gcc/arm-none-eabi/4.6.3/../../../../arm-none-eabi/lib/thumb2/libc.a(lib_a-tzvars.o)
 .ARM.attributes
                0x000009bc       0x2b /home/prana/CodeSourcery/ARM_EABI/bin/../lib/gcc/arm-none-eabi/4.6.3/../../../../arm-none-eabi/lib/thumb2/libc.a(lib_a-ctype_.o)
 .ARM.attributes
                0x000009e7       0x2b /home/prana/CodeSourcery/ARM_EABI/bin/../lib/gcc/arm-none-eabi/4.6.3/../../../../arm-none-eabi/lib/thumb2/libc.a(lib_a-div.o)
 .ARM.attributes
                0x00000a12       0x2b /home/prana/CodeSourcery/ARM_EABI/bin/../lib/gcc/arm-none-eabi/4.6.3/../../../../arm-none-eabi/lib/thumb2/libc.a(lib_a-dtoa.o)
 .ARM.attributes
                0x00000a3d       0x2b /home/prana/CodeSourcery/ARM_EABI/bin/../lib/gcc/arm-none-eabi/4.6.3/../../../../arm-none-eabi/lib/thumb2/libc.a(lib_a-freer.o)
 .ARM.attributes
                0x00000a68       0x2b /home/prana/CodeSourcery/ARM_EABI/bin/../lib/gcc/arm-none-eabi/4.6.3/../../../../arm-none-eabi/lib/thumb2/libc.a(lib_a-gettzinfo.o)
 .ARM.attributes
                0x00000a93       0x2b /home/prana/CodeSourcery/ARM_EABI/bin/../lib/gcc/arm-none-eabi/4.6.3/../../../../arm-none-eabi/lib/thumb2/libc.a(lib_a-locale.o)
 .ARM.attributes
                0x00000abe       0x2b /home/prana/CodeSourcery/ARM_EABI/bin/../lib/gcc/arm-none-eabi/4.6.3/../../../../arm-none-eabi/lib/thumb2/libc.a(lib_a-memchr.o)
 .ARM.attributes
                0x00000ae9       0x2b /home/prana/CodeSourcery/ARM_EABI/bin/../lib/gcc/arm-none-eabi/4.6.3/../../../../arm-none-eabi/lib/thumb2/libc.a(lib_a-memcpy.o)
 .ARM.attributes
                0x00000b14       0x2b /home/prana/CodeSourcery/ARM_EABI/bin/../lib/gcc/arm-none-eabi/4.6.3/../../../../arm-none-eabi/lib/thumb2/libc.a(lib_a-mprec.o)
 .ARM.attributes
                0x00000b3f       0x2b /home/prana/CodeSourcery/ARM_EABI/bin/../lib/gcc/arm-none-eabi/4.6.3/../../../../arm-none-eabi/lib/thumb2/libc.a(lib_a-s_fpclassify.o)
 .ARM.attributes
                0x00000b6a       0x2b /home/prana/CodeSourcery/ARM_EABI/bin/../lib/gcc/arm-none-eabi/4.6.3/../../../../arm-none-eabi/lib/thumb2/libc.a(lib_a-strlen.o)
 .ARM.attributes
                0x00000b95       0x2b /home/prana/CodeSourcery/ARM_EABI/bin/../lib/gcc/arm-none-eabi/4.6.3/../../../../arm-none-eabi/lib/thumb2/libc.a(lib_a-svfiprintf.o)
 .ARM.attributes
                0x00000bc0       0x2b /home/prana/CodeSourcery/ARM_EABI/bin/../lib/gcc/arm-none-eabi/4.6.3/../../../../arm-none-eabi/lib/thumb2/libc.a(lib_a-callocr.o)
 .ARM.attributes
                0x00000beb       0x2b /home/prana/CodeSourcery/ARM_EABI/bin/../lib/gcc/arm-none-eabi/4.6.3/../../../../arm-none-eabi/lib/thumb2/libc.a(lib_a-memmove.o)
 .ARM.attributes
                0x00000c16       0x2b /home/prana/CodeSourcery/ARM_EABI/bin/../lib/gcc/arm-none-eabi/4.6.3/../../../../arm-none-eabi/lib/thumb2/libc.a(lib_a-reallocr.o)
 .ARM.attributes
                0x00000c41       0x1b /home/prana/CodeSourcery/ARM_EABI/bin/../lib/gcc/arm-none-eabi/4.6.3/thumb2/libgcc.a(_udivsi3.o)
 .ARM.attributes
                0x00000c5c       0x1b /home/prana/CodeSourcery/ARM_EABI/bin/../lib/gcc/arm-none-eabi/4.6.3/thumb2/libgcc.a(_divsi3.o)
 .ARM.attributes
                0x00000c77       0x1b /home/prana/CodeSourcery/ARM_EABI/bin/../lib/gcc/arm-none-eabi/4.6.3/thumb2/libgcc.a(_dvmd_tls.o)
 .ARM.attributes
                0x00000c92       0x1b /home/prana/CodeSourcery/ARM_EABI/bin/../lib/gcc/arm-none-eabi/4.6.3/thumb2/libgcc.a(_arm_addsubdf3.o)
 .ARM.attributes
                0x00000cad       0x1b /home/prana/CodeSourcery/ARM_EABI/bin/../lib/gcc/arm-none-eabi/4.6.3/thumb2/libgcc.a(_arm_muldivdf3.o)
 .ARM.attributes
                0x00000cc8       0x1b /home/prana/CodeSourcery/ARM_EABI/bin/../lib/gcc/arm-none-eabi/4.6.3/thumb2/libgcc.a(_arm_cmpdf2.o)
 .ARM.attributes
                0x00000ce3       0x1b /home/prana/CodeSourcery/ARM_EABI/bin/../lib/gcc/arm-none-eabi/4.6.3/thumb2/libgcc.a(_arm_fixdfsi.o)
 .ARM.attributes
                0x00000cfe       0x1b /home/prana/CodeSourcery/ARM_EABI/bin/../lib/gcc/arm-none-eabi/4.6.3/thumb2/libgcc.a(_aeabi_uldivmod.o)
 .ARM.attributes
                0x00000d19       0x2b /home/prana/CodeSourcery/ARM_EABI/bin/../lib/gcc/arm-none-eabi/4.6.3/thumb2/libgcc.a(bpabi.o)
 .ARM.attributes
                0x00000d44       0x2b /home/prana/CodeSourcery/ARM_EABI/bin/../lib/gcc/arm-none-eabi/4.6.3/thumb2/libgcc.a(_divdi3.o)
 .ARM.attributes
                0x00000d6f       0x2b /home/prana/CodeSourcery/ARM_EABI/bin/../lib/gcc/arm-none-eabi/4.6.3/thumb2/libgcc.a(_udivdi3.o)

.debug_frame    0x00000000     0x2130
 .debug_frame   0x00000000       0x50 build/obj/crt0.o
 .debug_frame   0x00000050       0x20 build/obj/vectors.o
 .debug_frame   0x00000070       0x20 build/obj/chcore.o
 .debug_frame   0x00000090       0xd4 build/obj/chcore_v7m.o
 .debug_frame   0x00000164       0x64 build/obj/nvic.o
 .debug_frame   0x000001c8       0x68 build/obj/chsys.o
 .debug_frame   0x00000230      0x140 build/obj/chdebug.o
 .debug_frame   0x00000370       0x88 build/obj/chlists.o
 .debug_frame   0x000003f8       0x74 build/obj/chvt.o
 .debug_frame   0x0000046c      0x128 build/obj/chschd.o
 .debug_frame   0x00000594      0x1a0 build/obj/chthreads.o
 .debug_frame   0x00000734       0x48 build/obj/chregistry.o
 .debug_frame   0x0000077c      0x1c4 build/obj/chevents.o
 .debug_frame   0x00000940      0x17c build/obj/chqueues.o
 .debug_frame   0x00000abc       0x68 build/obj/chmemcore.o
 .debug_frame   0x00000b24       0x54 build/obj/hal.o
 .debug_frame   0x00000b78       0xcc build/obj/ext.o
 .debug_frame   0x00000c44       0xbc build/obj/rtc.o
 .debug_frame   0x00000d00      0x140 build/obj/serial.o
 .debug_frame   0x00000e40       0x64 build/obj/tm.o
 .debug_frame   0x00000ea4       0x3c build/obj/hal_lld.o
 .debug_frame   0x00000ee0      0x1d0 build/obj/ext_lld_isr.o
 .debug_frame   0x000010b0       0x90 build/obj/ext_lld.o
 .debug_frame   0x00001140       0x4c build/obj/pal_lld.o
 .debug_frame   0x0000118c       0xc8 build/obj/rtc_lld.o
 .debug_frame   0x00001254       0x94 build/obj/serial_lld.o
 .debug_frame   0x000012e8       0x30 build/obj/board.o
 .debug_frame   0x00001318       0x9c build/obj/syscalls.o
 .debug_frame   0x000013b4       0xe8 build/obj/shell.o
 .debug_frame   0x0000149c       0x50 build/obj/chprintf.o
 .debug_frame   0x000014ec       0xfc build/obj/chrtclib.o
 .debug_frame   0x000015e8       0xd0 build/obj/main.o
 .debug_frame   0x000016b8       0x30 /home/prana/CodeSourcery/ARM_EABI/bin/../lib/gcc/arm-none-eabi/4.6.3/../../../../arm-none-eabi/lib/thumb2/libc.a(lib_a-asctime.o)
 .debug_frame   0x000016e8       0x34 /home/prana/CodeSourcery/ARM_EABI/bin/../lib/gcc/arm-none-eabi/4.6.3/../../../../arm-none-eabi/lib/thumb2/libc.a(lib_a-asctime_r.o)
 .debug_frame   0x0000171c       0x30 /home/prana/CodeSourcery/ARM_EABI/bin/../lib/gcc/arm-none-eabi/4.6.3/../../../../arm-none-eabi/lib/thumb2/libc.a(lib_a-atol.o)
 .debug_frame   0x0000174c       0x20 /home/prana/CodeSourcery/ARM_EABI/bin/../lib/gcc/arm-none-eabi/4.6.3/../../../../arm-none-eabi/lib/thumb2/libc.a(lib_a-lcltime_r.o)
 .debug_frame   0x0000176c       0x30 /home/prana/CodeSourcery/ARM_EABI/bin/../lib/gcc/arm-none-eabi/4.6.3/../../../../arm-none-eabi/lib/thumb2/libc.a(lib_a-malloc.o)
 .debug_frame   0x0000179c       0x38 /home/prana/CodeSourcery/ARM_EABI/bin/../lib/gcc/arm-none-eabi/4.6.3/../../../../arm-none-eabi/lib/thumb2/libc.a(lib_a-mallocr.o)
 .debug_frame   0x000017d4       0x2c /home/prana/CodeSourcery/ARM_EABI/bin/../lib/gcc/arm-none-eabi/4.6.3/../../../../arm-none-eabi/lib/thumb2/libc.a(lib_a-memset.o)
 .debug_frame   0x00001800       0x60 /home/prana/CodeSourcery/ARM_EABI/bin/../lib/gcc/arm-none-eabi/4.6.3/../../../../arm-none-eabi/lib/thumb2/libc.a(lib_a-mktime.o)
 .debug_frame   0x00001860       0x60 /home/prana/CodeSourcery/ARM_EABI/bin/../lib/gcc/arm-none-eabi/4.6.3/../../../../arm-none-eabi/lib/thumb2/libc.a(lib_a-mktm_r.o)
 .debug_frame   0x000018c0       0x30 /home/prana/CodeSourcery/ARM_EABI/bin/../lib/gcc/arm-none-eabi/4.6.3/../../../../arm-none-eabi/lib/thumb2/libc.a(lib_a-mlock.o)
 .debug_frame   0x000018f0       0x64 /home/prana/CodeSourcery/ARM_EABI/bin/../lib/gcc/arm-none-eabi/4.6.3/../../../../arm-none-eabi/lib/thumb2/libc.a(lib_a-sprintf.o)
 .debug_frame   0x00001954       0x2c /home/prana/CodeSourcery/ARM_EABI/bin/../lib/gcc/arm-none-eabi/4.6.3/../../../../arm-none-eabi/lib/thumb2/libc.a(lib_a-strcasecmp.o)
 .debug_frame   0x00001980       0x2c /home/prana/CodeSourcery/ARM_EABI/bin/../lib/gcc/arm-none-eabi/4.6.3/../../../../arm-none-eabi/lib/thumb2/libc.a(lib_a-strchr.o)
 .debug_frame   0x000019ac       0x30 /home/prana/CodeSourcery/ARM_EABI/bin/../lib/gcc/arm-none-eabi/4.6.3/../../../../arm-none-eabi/lib/thumb2/libc.a(lib_a-strcmp.o)
 .debug_frame   0x000019dc       0x2c /home/prana/CodeSourcery/ARM_EABI/bin/../lib/gcc/arm-none-eabi/4.6.3/../../../../arm-none-eabi/lib/thumb2/libc.a(lib_a-strspn.o)
 .debug_frame   0x00001a08       0x50 /home/prana/CodeSourcery/ARM_EABI/bin/../lib/gcc/arm-none-eabi/4.6.3/../../../../arm-none-eabi/lib/thumb2/libc.a(lib_a-strtol.o)
 .debug_frame   0x00001a58       0x3c /home/prana/CodeSourcery/ARM_EABI/bin/../lib/gcc/arm-none-eabi/4.6.3/../../../../arm-none-eabi/lib/thumb2/libc.a(lib_a-svfprintf.o)
 .debug_frame   0x00001a94       0x30 /home/prana/CodeSourcery/ARM_EABI/bin/../lib/gcc/arm-none-eabi/4.6.3/../../../../arm-none-eabi/lib/thumb2/libc.a(lib_a-tzlock.o)
 .debug_frame   0x00001ac4       0x30 /home/prana/CodeSourcery/ARM_EABI/bin/../lib/gcc/arm-none-eabi/4.6.3/../../../../arm-none-eabi/lib/thumb2/libc.a(lib_a-div.o)
 .debug_frame   0x00001af4       0x64 /home/prana/CodeSourcery/ARM_EABI/bin/../lib/gcc/arm-none-eabi/4.6.3/../../../../arm-none-eabi/lib/thumb2/libc.a(lib_a-dtoa.o)
 .debug_frame   0x00001b58       0x50 /home/prana/CodeSourcery/ARM_EABI/bin/../lib/gcc/arm-none-eabi/4.6.3/../../../../arm-none-eabi/lib/thumb2/libc.a(lib_a-freer.o)
 .debug_frame   0x00001ba8       0x20 /home/prana/CodeSourcery/ARM_EABI/bin/../lib/gcc/arm-none-eabi/4.6.3/../../../../arm-none-eabi/lib/thumb2/libc.a(lib_a-gettzinfo.o)
 .debug_frame   0x00001bc8       0x98 /home/prana/CodeSourcery/ARM_EABI/bin/../lib/gcc/arm-none-eabi/4.6.3/../../../../arm-none-eabi/lib/thumb2/libc.a(lib_a-locale.o)
 .debug_frame   0x00001c60       0x2c /home/prana/CodeSourcery/ARM_EABI/bin/../lib/gcc/arm-none-eabi/4.6.3/../../../../arm-none-eabi/lib/thumb2/libc.a(lib_a-memchr.o)
 .debug_frame   0x00001c8c       0x30 /home/prana/CodeSourcery/ARM_EABI/bin/../lib/gcc/arm-none-eabi/4.6.3/../../../../arm-none-eabi/lib/thumb2/libc.a(lib_a-memcpy.o)
 .debug_frame   0x00001cbc      0x23c /home/prana/CodeSourcery/ARM_EABI/bin/../lib/gcc/arm-none-eabi/4.6.3/../../../../arm-none-eabi/lib/thumb2/libc.a(lib_a-mprec.o)
 .debug_frame   0x00001ef8       0x28 /home/prana/CodeSourcery/ARM_EABI/bin/../lib/gcc/arm-none-eabi/4.6.3/../../../../arm-none-eabi/lib/thumb2/libc.a(lib_a-s_fpclassify.o)
 .debug_frame   0x00001f20       0x20 /home/prana/CodeSourcery/ARM_EABI/bin/../lib/gcc/arm-none-eabi/4.6.3/../../../../arm-none-eabi/lib/thumb2/libc.a(lib_a-strlen.o)
 .debug_frame   0x00001f40       0x64 /home/prana/CodeSourcery/ARM_EABI/bin/../lib/gcc/arm-none-eabi/4.6.3/../../../../arm-none-eabi/lib/thumb2/libc.a(lib_a-svfiprintf.o)
 .debug_frame   0x00001fa4       0x28 /home/prana/CodeSourcery/ARM_EABI/bin/../lib/gcc/arm-none-eabi/4.6.3/../../../../arm-none-eabi/lib/thumb2/libc.a(lib_a-callocr.o)
 .debug_frame   0x00001fcc       0x2c /home/prana/CodeSourcery/ARM_EABI/bin/../lib/gcc/arm-none-eabi/4.6.3/../../../../arm-none-eabi/lib/thumb2/libc.a(lib_a-memmove.o)
 .debug_frame   0x00001ff8       0x38 /home/prana/CodeSourcery/ARM_EABI/bin/../lib/gcc/arm-none-eabi/4.6.3/../../../../arm-none-eabi/lib/thumb2/libc.a(lib_a-reallocr.o)
 .debug_frame   0x00002030       0x20 /home/prana/CodeSourcery/ARM_EABI/bin/../lib/gcc/arm-none-eabi/4.6.3/thumb2/libgcc.a(_udivsi3.o)
 .debug_frame   0x00002050       0x20 /home/prana/CodeSourcery/ARM_EABI/bin/../lib/gcc/arm-none-eabi/4.6.3/thumb2/libgcc.a(_divsi3.o)
 .debug_frame   0x00002070       0x50 /home/prana/CodeSourcery/ARM_EABI/bin/../lib/gcc/arm-none-eabi/4.6.3/thumb2/libgcc.a(bpabi.o)
 .debug_frame   0x000020c0       0x38 /home/prana/CodeSourcery/ARM_EABI/bin/../lib/gcc/arm-none-eabi/4.6.3/thumb2/libgcc.a(_divdi3.o)
 .debug_frame   0x000020f8       0x38 /home/prana/CodeSourcery/ARM_EABI/bin/../lib/gcc/arm-none-eabi/4.6.3/thumb2/libgcc.a(_udivdi3.o)

Cross Reference Table

Symbol                                            File
BusFaultVector                                    build/obj/vectors.o
DebugMonitorVector                                build/obj/vectors.o
EXTD1                                             build/obj/ext_lld.o
                                                  build/obj/ext_lld_isr.o
HardFaultVector                                   build/obj/vectors.o
MemManageVector                                   build/obj/vectors.o
NMIVector                                         build/obj/vectors.o
PendSVVector                                      build/obj/vectors.o
RTCAlarm_IRQHandler                               build/obj/ext_lld_isr.o
RTCD1                                             build/obj/rtc_lld.o
                                                  build/obj/main.o
ResetHandler                                      build/obj/crt0.o
                                                  build/obj/vectors.o
SD2                                               build/obj/serial_lld.o
                                                  build/obj/main.o
SVCallVector                                      build/obj/chcore_v7m.o
                                                  build/obj/vectors.o
SysTickVector                                     build/obj/chcore_v7m.o
                                                  build/obj/vectors.o
TAMPER_STAMP_IRQHandler                           build/obj/ext_lld_isr.o
TestThread                                        build/obj/test.o
UsageFaultVector                                  build/obj/vectors.o
Vector100                                         build/obj/vectors.o
Vector104                                         build/obj/vectors.o
Vector108                                         build/obj/vectors.o
Vector10C                                         build/obj/vectors.o
Vector110                                         build/obj/vectors.o
Vector114                                         build/obj/vectors.o
Vector118                                         build/obj/vectors.o
Vector11C                                         build/obj/vectors.o
Vector120                                         build/obj/vectors.o
Vector124                                         build/obj/vectors.o
Vector128                                         build/obj/vectors.o
Vector12C                                         build/obj/vectors.o
Vector130                                         build/obj/vectors.o
Vector134                                         build/obj/vectors.o
Vector138                                         build/obj/ext_lld_isr.o
                                                  build/obj/vectors.o
Vector13C                                         build/obj/vectors.o
Vector140                                         build/obj/vectors.o
Vector144                                         build/obj/vectors.o
Vector148                                         build/obj/vectors.o
Vector14C                                         build/obj/vectors.o
Vector150                                         build/obj/vectors.o
Vector154                                         build/obj/vectors.o
Vector158                                         build/obj/vectors.o
Vector15C                                         build/obj/vectors.o
Vector160                                         build/obj/vectors.o
Vector164                                         build/obj/vectors.o
Vector168                                         build/obj/vectors.o
Vector16C                                         build/obj/vectors.o
Vector170                                         build/obj/ext_lld_isr.o
                                                  build/obj/vectors.o
Vector174                                         build/obj/vectors.o
Vector178                                         build/obj/vectors.o
Vector17C                                         build/obj/vectors.o
Vector180                                         build/obj/vectors.o
Vector184                                         build/obj/vectors.o
Vector1C                                          build/obj/vectors.o
Vector20                                          build/obj/vectors.o
Vector24                                          build/obj/vectors.o
Vector28                                          build/obj/vectors.o
Vector34                                          build/obj/vectors.o
Vector40                                          build/obj/vectors.o
Vector44                                          build/obj/ext_lld_isr.o
                                                  build/obj/vectors.o
Vector48                                          build/obj/vectors.o
Vector4C                                          build/obj/ext_lld_isr.o
                                                  build/obj/vectors.o
Vector50                                          build/obj/vectors.o
Vector54                                          build/obj/vectors.o
Vector58                                          build/obj/ext_lld_isr.o
                                                  build/obj/vectors.o
Vector5C                                          build/obj/ext_lld_isr.o
                                                  build/obj/vectors.o
Vector60                                          build/obj/ext_lld_isr.o
                                                  build/obj/vectors.o
Vector64                                          build/obj/ext_lld_isr.o
                                                  build/obj/vectors.o
Vector68                                          build/obj/ext_lld_isr.o
                                                  build/obj/vectors.o
Vector6C                                          build/obj/vectors.o
Vector70                                          build/obj/vectors.o
Vector74                                          build/obj/vectors.o
Vector78                                          build/obj/vectors.o
Vector7C                                          build/obj/vectors.o
Vector80                                          build/obj/vectors.o
Vector84                                          build/obj/vectors.o
Vector88                                          build/obj/vectors.o
Vector8C                                          build/obj/vectors.o
Vector90                                          build/obj/vectors.o
Vector94                                          build/obj/vectors.o
Vector98                                          build/obj/vectors.o
Vector9C                                          build/obj/ext_lld_isr.o
                                                  build/obj/vectors.o
VectorA0                                          build/obj/vectors.o
VectorA4                                          build/obj/vectors.o
VectorA8                                          build/obj/vectors.o
VectorAC                                          build/obj/vectors.o